[0.104s] DEBUG:colcon:Command line arguments: ['/usr/bin/colcon', 'build']
[0.104s] DEBUG:colcon:Parsed command line arguments: Namespace(log_base=None, log_level=None, verb_name='build', build_base='build', install_base='install', merge_install=False, symlink_install=False, test_result_base=None, continue_on_error=False, executor='parallel', parallel_workers=16, event_handlers=None, ignore_user_meta=False, metas=['./colcon.meta'], base_paths=['.'], packages_ignore=None, packages_ignore_regex=None, paths=None, packages_up_to=None, packages_up_to_regex=None, packages_above=None, packages_above_and_dependencies=None, packages_above_depth=None, packages_select_by_dep=None, packages_skip_by_dep=None, packages_skip_up_to=None, packages_select_build_failed=False, packages_skip_build_finished=False, packages_select_test_failures=False, packages_skip_test_passed=False, packages_select=None, packages_skip=None, packages_select_regex=None, packages_skip_regex=None, packages_start=None, packages_end=None, allow_overriding=[], cmake_args=None, cmake_target=None, cmake_target_skip_unavailable=False, cmake_clean_cache=False, cmake_clean_first=False, cmake_force_configure=False, ament_cmake_args=None, catkin_cmake_args=None, catkin_skip_building_tests=False, mixin_files=None, mixin=None, verb_parser=<colcon_mixin.mixin.mixin_argument.MixinArgumentDecorator object at 0x721989f8cd30>, verb_extension=<colcon_core.verb.build.BuildVerb object at 0x721989f8c880>, main=<bound method BuildVerb.main of <colcon_core.verb.build.BuildVerb object at 0x721989f8c880>>, mixin_verb=('build',))
[0.132s] Level 1:colcon.colcon_core.package_discovery:discover_packages(colcon_meta) check parameters
[0.132s] Level 1:colcon.colcon_core.package_discovery:discover_packages(recursive) check parameters
[0.132s] Level 1:colcon.colcon_core.package_discovery:discover_packages(ignore) check parameters
[0.132s] Level 1:colcon.colcon_core.package_discovery:discover_packages(path) check parameters
[0.132s] Level 1:colcon.colcon_core.package_discovery:discover_packages(colcon_meta) discover
[0.132s] Level 1:colcon.colcon_core.package_discovery:discover_packages(recursive) discover
[0.132s] INFO:colcon.colcon_core.package_discovery:Crawling recursively for packages in '/home/ubuntu/arm_ws'
[0.132s] Level 1:colcon.colcon_core.package_identification:_identify(.) by extensions ['ignore', 'ignore_ament_install']
[0.132s] Level 1:colcon.colcon_core.package_identification:_identify(.) by extension 'ignore'
[0.132s] Level 1:colcon.colcon_core.package_identification:_identify(.) by extension 'ignore_ament_install'
[0.132s] Level 1:colcon.colcon_core.package_identification:_identify(.) by extensions ['colcon_pkg']
[0.132s] Level 1:colcon.colcon_core.package_identification:_identify(.) by extension 'colcon_pkg'
[0.132s] Level 1:colcon.colcon_core.package_identification:_identify(.) by extensions ['colcon_meta']
[0.132s] Level 1:colcon.colcon_core.package_identification:_identify(.) by extension 'colcon_meta'
[0.132s] Level 1:colcon.colcon_core.package_identification:_identify(.) by extensions ['ros']
[0.132s] Level 1:colcon.colcon_core.package_identification:_identify(.) by extension 'ros'
[0.143s] Level 1:colcon.colcon_core.package_identification:_identify(.) by extensions ['cmake', 'python']
[0.143s] Level 1:colcon.colcon_core.package_identification:_identify(.) by extension 'cmake'
[0.143s] Level 1:colcon.colcon_core.package_identification:_identify(.) by extension 'python'
[0.143s] Level 1:colcon.colcon_core.package_identification:_identify(.) by extensions ['python_setup_py']
[0.143s] Level 1:colcon.colcon_core.package_identification:_identify(.) by extension 'python_setup_py'
[0.143s] Level 1:colcon.colcon_core.package_identification:_identify(build) by extensions ['ignore', 'ignore_ament_install']
[0.143s] Level 1:colcon.colcon_core.package_identification:_identify(build) by extension 'ignore'
[0.143s] Level 1:colcon.colcon_core.package_identification:_identify(build) ignored
[0.143s] Level 1:colcon.colcon_core.package_identification:_identify(install) by extensions ['ignore', 'ignore_ament_install']
[0.143s] Level 1:colcon.colcon_core.package_identification:_identify(install) by extension 'ignore'
[0.143s] Level 1:colcon.colcon_core.package_identification:_identify(install) ignored
[0.143s] Level 1:colcon.colcon_core.package_identification:_identify(log) by extensions ['ignore', 'ignore_ament_install']
[0.143s] Level 1:colcon.colcon_core.package_identification:_identify(log) by extension 'ignore'
[0.143s] Level 1:colcon.colcon_core.package_identification:_identify(log) ignored
[0.143s] Level 1:colcon.colcon_core.package_identification:_identify(src) by extensions ['ignore', 'ignore_ament_install']
[0.143s] Level 1:colcon.colcon_core.package_identification:_identify(src) by extension 'ignore'
[0.143s] Level 1:colcon.colcon_core.package_identification:_identify(src) by extension 'ignore_ament_install'
[0.143s] Level 1:colcon.colcon_core.package_identification:_identify(src) by extensions ['colcon_pkg']
[0.143s] Level 1:colcon.colcon_core.package_identification:_identify(src) by extension 'colcon_pkg'
[0.143s] Level 1:colcon.colcon_core.package_identification:_identify(src) by extensions ['colcon_meta']
[0.144s] Level 1:colcon.colcon_core.package_identification:_identify(src) by extension 'colcon_meta'
[0.144s] Level 1:colcon.colcon_core.package_identification:_identify(src) by extensions ['ros']
[0.144s] Level 1:colcon.colcon_core.package_identification:_identify(src) by extension 'ros'
[0.144s] Level 1:colcon.colcon_core.package_identification:_identify(src) by extensions ['cmake', 'python']
[0.144s] Level 1:colcon.colcon_core.package_identification:_identify(src) by extension 'cmake'
[0.144s] Level 1:colcon.colcon_core.package_identification:_identify(src) by extension 'python'
[0.144s] Level 1:colcon.colcon_core.package_identification:_identify(src) by extensions ['python_setup_py']
[0.144s] Level 1:colcon.colcon_core.package_identification:_identify(src) by extension 'python_setup_py'
[0.144s] Level 1:colcon.colcon_core.package_identification:_identify(src/shabi) by extensions ['ignore', 'ignore_ament_install']
[0.144s] Level 1:colcon.colcon_core.package_identification:_identify(src/shabi) by extension 'ignore'
[0.144s] Level 1:colcon.colcon_core.package_identification:_identify(src/shabi) by extension 'ignore_ament_install'
[0.144s] Level 1:colcon.colcon_core.package_identification:_identify(src/shabi) by extensions ['colcon_pkg']
[0.144s] Level 1:colcon.colcon_core.package_identification:_identify(src/shabi) by extension 'colcon_pkg'
[0.144s] Level 1:colcon.colcon_core.package_identification:_identify(src/shabi) by extensions ['colcon_meta']
[0.144s] Level 1:colcon.colcon_core.package_identification:_identify(src/shabi) by extension 'colcon_meta'
[0.144s] Level 1:colcon.colcon_core.package_identification:_identify(src/shabi) by extensions ['ros']
[0.144s] Level 1:colcon.colcon_core.package_identification:_identify(src/shabi) by extension 'ros'
[0.146s] DEBUG:colcon.colcon_core.package_identification:Package 'src/shabi' with type 'ros.ament_cmake' and name 'shabi'
[0.146s] Level 1:colcon.colcon_core.package_identification:_identify(src/shabi_ws) by extensions ['ignore', 'ignore_ament_install']
[0.146s] Level 1:colcon.colcon_core.package_identification:_identify(src/shabi_ws) by extension 'ignore'
[0.146s] Level 1:colcon.colcon_core.package_identification:_identify(src/shabi_ws) by extension 'ignore_ament_install'
[0.146s] Level 1:colcon.colcon_core.package_identification:_identify(src/shabi_ws) by extensions ['colcon_pkg']
[0.146s] Level 1:colcon.colcon_core.package_identification:_identify(src/shabi_ws) by extension 'colcon_pkg'
[0.146s] Level 1:colcon.colcon_core.package_identification:_identify(src/shabi_ws) by extensions ['colcon_meta']
[0.146s] Level 1:colcon.colcon_core.package_identification:_identify(src/shabi_ws) by extension 'colcon_meta'
[0.146s] Level 1:colcon.colcon_core.package_identification:_identify(src/shabi_ws) by extensions ['ros']
[0.146s] Level 1:colcon.colcon_core.package_identification:_identify(src/shabi_ws) by extension 'ros'
[0.147s] DEBUG:colcon.colcon_core.package_identification:Package 'src/shabi_ws' with type 'ros.ament_cmake' and name 'shabi_ws'
[0.147s] Level 1:colcon.colcon_core.package_discovery:discover_packages(recursive) using defaults
[0.147s] Level 1:colcon.colcon_core.package_discovery:discover_packages(ignore) discover
[0.147s] Level 1:colcon.colcon_core.package_discovery:discover_packages(ignore) using defaults
[0.147s] Level 1:colcon.colcon_core.package_discovery:discover_packages(path) discover
[0.147s] Level 1:colcon.colcon_core.package_discovery:discover_packages(path) using defaults
[0.162s] Level 1:colcon.colcon_core.package_discovery:discover_packages(prefix_path) check parameters
[0.162s] Level 1:colcon.colcon_core.package_discovery:discover_packages(prefix_path) discover
[0.163s] DEBUG:colcon.colcon_installed_package_information.package_discovery:Found 2 installed packages in /home/ubuntu/arm_ws/install
[0.165s] DEBUG:colcon.colcon_installed_package_information.package_discovery:Found 487 installed packages in /opt/ros/humble
[0.166s] Level 1:colcon.colcon_core.package_discovery:discover_packages(prefix_path) using defaults
[0.213s] Level 5:colcon.colcon_core.verb:set package 'shabi' build argument 'cmake_args' from command line to 'None'
[0.213s] Level 5:colcon.colcon_core.verb:set package 'shabi' build argument 'cmake_target' from command line to 'None'
[0.213s] Level 5:colcon.colcon_core.verb:set package 'shabi' build argument 'cmake_target_skip_unavailable' from command line to 'False'
[0.213s] Level 5:colcon.colcon_core.verb:set package 'shabi' build argument 'cmake_clean_cache' from command line to 'False'
[0.213s] Level 5:colcon.colcon_core.verb:set package 'shabi' build argument 'cmake_clean_first' from command line to 'False'
[0.213s] Level 5:colcon.colcon_core.verb:set package 'shabi' build argument 'cmake_force_configure' from command line to 'False'
[0.213s] Level 5:colcon.colcon_core.verb:set package 'shabi' build argument 'ament_cmake_args' from command line to 'None'
[0.213s] Level 5:colcon.colcon_core.verb:set package 'shabi' build argument 'catkin_cmake_args' from command line to 'None'
[0.213s] Level 5:colcon.colcon_core.verb:set package 'shabi' build argument 'catkin_skip_building_tests' from command line to 'False'
[0.213s] DEBUG:colcon.colcon_core.verb:Building package 'shabi' with the following arguments: {'ament_cmake_args': None, 'build_base': '/home/ubuntu/arm_ws/build/shabi', 'catkin_cmake_args': None, 'catkin_skip_building_tests': False, 'cmake_args': None, 'cmake_clean_cache': False, 'cmake_clean_first': False, 'cmake_force_configure': False, 'cmake_target': None, 'cmake_target_skip_unavailable': False, 'install_base': '/home/ubuntu/arm_ws/install/shabi', 'merge_install': False, 'path': '/home/ubuntu/arm_ws/src/shabi', 'symlink_install': False, 'test_result_base': None}
[0.213s] Level 5:colcon.colcon_core.verb:set package 'shabi_ws' build argument 'cmake_args' from command line to 'None'
[0.213s] Level 5:colcon.colcon_core.verb:set package 'shabi_ws' build argument 'cmake_target' from command line to 'None'
[0.213s] Level 5:colcon.colcon_core.verb:set package 'shabi_ws' build argument 'cmake_target_skip_unavailable' from command line to 'False'
[0.213s] Level 5:colcon.colcon_core.verb:set package 'shabi_ws' build argument 'cmake_clean_cache' from command line to 'False'
[0.214s] Level 5:colcon.colcon_core.verb:set package 'shabi_ws' build argument 'cmake_clean_first' from command line to 'False'
[0.214s] Level 5:colcon.colcon_core.verb:set package 'shabi_ws' build argument 'cmake_force_configure' from command line to 'False'
[0.214s] Level 5:colcon.colcon_core.verb:set package 'shabi_ws' build argument 'ament_cmake_args' from command line to 'None'
[0.214s] Level 5:colcon.colcon_core.verb:set package 'shabi_ws' build argument 'catkin_cmake_args' from command line to 'None'
[0.214s] Level 5:colcon.colcon_core.verb:set package 'shabi_ws' build argument 'catkin_skip_building_tests' from command line to 'False'
[0.214s] DEBUG:colcon.colcon_core.verb:Building package 'shabi_ws' with the following arguments: {'ament_cmake_args': None, 'build_base': '/home/ubuntu/arm_ws/build/shabi_ws', 'catkin_cmake_args': None, 'catkin_skip_building_tests': False, 'cmake_args': None, 'cmake_clean_cache': False, 'cmake_clean_first': False, 'cmake_force_configure': False, 'cmake_target': None, 'cmake_target_skip_unavailable': False, 'install_base': '/home/ubuntu/arm_ws/install/shabi_ws', 'merge_install': False, 'path': '/home/ubuntu/arm_ws/src/shabi_ws', 'symlink_install': False, 'test_result_base': None}
[0.214s] INFO:colcon.colcon_core.executor:Executing jobs using 'parallel' executor
[0.215s] DEBUG:colcon.colcon_parallel_executor.executor.parallel:run_until_complete
[0.215s] INFO:colcon.colcon_ros.task.ament_cmake.build:Building ROS package in '/home/ubuntu/arm_ws/src/shabi' with build type 'ament_cmake'
[0.215s] INFO:colcon.colcon_cmake.task.cmake.build:Building CMake package in '/home/ubuntu/arm_ws/src/shabi'
[0.216s] INFO:colcon.colcon_core.plugin_system:Skipping extension 'colcon_core.shell.bat': Not used on non-Windows systems
[0.216s] INFO:colcon.colcon_core.shell:Skip shell extension 'powershell' for command environment: Not usable outside of PowerShell
[0.216s] DEBUG:colcon.colcon_core.shell:Skip shell extension 'dsv' for command environment
[0.226s] DEBUG:colcon.colcon_core.event_handler.log_command:Invoking command in '/home/ubuntu/arm_ws/build/shabi': CMAKE_PREFIX_PATH=${CMAKE_PREFIX_PATH}:/opt/ros/humble CONDA_PROMPT_MODIFIER=(shabi) /usr/bin/cmake --build /home/ubuntu/arm_ws/build/shabi -- -j16 -l16
[0.265s] DEBUG:colcon.colcon_core.event_handler.log_command:Invoked command in '/home/ubuntu/arm_ws/build/shabi' returned '0': CMAKE_PREFIX_PATH=${CMAKE_PREFIX_PATH}:/opt/ros/humble CONDA_PROMPT_MODIFIER=(shabi) /usr/bin/cmake --build /home/ubuntu/arm_ws/build/shabi -- -j16 -l16
[0.273s] DEBUG:colcon.colcon_core.event_handler.log_command:Invoking command in '/home/ubuntu/arm_ws/build/shabi': CMAKE_PREFIX_PATH=${CMAKE_PREFIX_PATH}:/opt/ros/humble CONDA_PROMPT_MODIFIER=(shabi) /usr/bin/cmake --install /home/ubuntu/arm_ws/build/shabi
[0.283s] Level 1:colcon.colcon_core.environment:create_environment_scripts_only(shabi)
[0.284s] DEBUG:colcon.colcon_core.event_handler.log_command:Invoked command in '/home/ubuntu/arm_ws/build/shabi' returned '0': CMAKE_PREFIX_PATH=${CMAKE_PREFIX_PATH}:/opt/ros/humble CONDA_PROMPT_MODIFIER=(shabi) /usr/bin/cmake --install /home/ubuntu/arm_ws/build/shabi
[0.285s] Level 1:colcon.colcon_core.environment:checking '/home/ubuntu/arm_ws/install/shabi' for CMake module files
[0.286s] Level 1:colcon.colcon_core.environment:checking '/home/ubuntu/arm_ws/install/shabi' for CMake config files
[0.286s] Level 1:colcon.colcon_core.shell:create_environment_hook('shabi', 'cmake_prefix_path')
[0.286s] INFO:colcon.colcon_core.shell:Creating environment hook '/home/ubuntu/arm_ws/install/shabi/share/shabi/hook/cmake_prefix_path.ps1'
[0.287s] INFO:colcon.colcon_core.shell:Creating environment descriptor '/home/ubuntu/arm_ws/install/shabi/share/shabi/hook/cmake_prefix_path.dsv'
[0.287s] INFO:colcon.colcon_core.shell:Creating environment hook '/home/ubuntu/arm_ws/install/shabi/share/shabi/hook/cmake_prefix_path.sh'
[0.287s] Level 1:colcon.colcon_core.environment:checking '/home/ubuntu/arm_ws/install/shabi/bin'
[0.287s] Level 1:colcon.colcon_core.environment:checking '/home/ubuntu/arm_ws/install/shabi/lib/pkgconfig/shabi.pc'
[0.288s] Level 1:colcon.colcon_core.environment:checking '/home/ubuntu/arm_ws/install/shabi/lib/python3.10/site-packages'
[0.288s] Level 1:colcon.colcon_core.environment:checking '/home/ubuntu/arm_ws/install/shabi/bin'
[0.288s] INFO:colcon.colcon_core.shell:Creating package script '/home/ubuntu/arm_ws/install/shabi/share/shabi/package.ps1'
[0.289s] INFO:colcon.colcon_core.shell:Creating package descriptor '/home/ubuntu/arm_ws/install/shabi/share/shabi/package.dsv'
[0.289s] INFO:colcon.colcon_core.shell:Creating package script '/home/ubuntu/arm_ws/install/shabi/share/shabi/package.sh'
[0.289s] INFO:colcon.colcon_core.shell:Creating package script '/home/ubuntu/arm_ws/install/shabi/share/shabi/package.bash'
[0.290s] INFO:colcon.colcon_core.shell:Creating package script '/home/ubuntu/arm_ws/install/shabi/share/shabi/package.zsh'
[0.290s] Level 1:colcon.colcon_core.environment:create_file_with_runtime_dependencies(/home/ubuntu/arm_ws/install/shabi/share/colcon-core/packages/shabi)
[0.291s] Level 1:colcon.colcon_core.environment:create_environment_scripts_only(shabi)
[0.291s] Level 1:colcon.colcon_core.environment:checking '/home/ubuntu/arm_ws/install/shabi' for CMake module files
[0.291s] Level 1:colcon.colcon_core.environment:checking '/home/ubuntu/arm_ws/install/shabi' for CMake config files
[0.291s] Level 1:colcon.colcon_core.shell:create_environment_hook('shabi', 'cmake_prefix_path')
[0.291s] INFO:colcon.colcon_core.shell:Creating environment hook '/home/ubuntu/arm_ws/install/shabi/share/shabi/hook/cmake_prefix_path.ps1'
[0.292s] INFO:colcon.colcon_core.shell:Creating environment descriptor '/home/ubuntu/arm_ws/install/shabi/share/shabi/hook/cmake_prefix_path.dsv'
[0.293s] INFO:colcon.colcon_core.shell:Creating environment hook '/home/ubuntu/arm_ws/install/shabi/share/shabi/hook/cmake_prefix_path.sh'
[0.293s] Level 1:colcon.colcon_core.environment:checking '/home/ubuntu/arm_ws/install/shabi/bin'
[0.293s] Level 1:colcon.colcon_core.environment:checking '/home/ubuntu/arm_ws/install/shabi/lib/pkgconfig/shabi.pc'
[0.294s] Level 1:colcon.colcon_core.environment:checking '/home/ubuntu/arm_ws/install/shabi/lib/python3.10/site-packages'
[0.294s] Level 1:colcon.colcon_core.environment:checking '/home/ubuntu/arm_ws/install/shabi/bin'
[0.294s] INFO:colcon.colcon_core.shell:Creating package script '/home/ubuntu/arm_ws/install/shabi/share/shabi/package.ps1'
[0.294s] INFO:colcon.colcon_core.shell:Creating package descriptor '/home/ubuntu/arm_ws/install/shabi/share/shabi/package.dsv'
[0.295s] INFO:colcon.colcon_core.shell:Creating package script '/home/ubuntu/arm_ws/install/shabi/share/shabi/package.sh'
[0.295s] INFO:colcon.colcon_core.shell:Creating package script '/home/ubuntu/arm_ws/install/shabi/share/shabi/package.bash'
[0.295s] INFO:colcon.colcon_core.shell:Creating package script '/home/ubuntu/arm_ws/install/shabi/share/shabi/package.zsh'
[0.295s] Level 1:colcon.colcon_core.environment:create_file_with_runtime_dependencies(/home/ubuntu/arm_ws/install/shabi/share/colcon-core/packages/shabi)
[0.296s] INFO:colcon.colcon_ros.task.ament_cmake.build:Building ROS package in '/home/ubuntu/arm_ws/src/shabi_ws' with build type 'ament_cmake'
[0.296s] INFO:colcon.colcon_cmake.task.cmake.build:Building CMake package in '/home/ubuntu/arm_ws/src/shabi_ws'
[0.296s] INFO:colcon.colcon_core.shell:Skip shell extension 'powershell' for command environment: Not usable outside of PowerShell
[0.296s] DEBUG:colcon.colcon_core.shell:Skip shell extension 'dsv' for command environment
[0.304s] DEBUG:colcon.colcon_core.event_handler.log_command:Invoking command in '/home/ubuntu/arm_ws/build/shabi_ws': CMAKE_PREFIX_PATH=/home/ubuntu/arm_ws/install/shabi:/home/ubuntu/arm_ws/install/shabi_ws:/opt/ros/humble CONDA_PROMPT_MODIFIER=(shabi) /usr/bin/cmake --build /home/ubuntu/arm_ws/build/shabi_ws -- -j16 -l16
[0.341s] DEBUG:colcon.colcon_core.event_handler.log_command:Invoked command in '/home/ubuntu/arm_ws/build/shabi_ws' returned '0': CMAKE_PREFIX_PATH=/home/ubuntu/arm_ws/install/shabi:/home/ubuntu/arm_ws/install/shabi_ws:/opt/ros/humble CONDA_PROMPT_MODIFIER=(shabi) /usr/bin/cmake --build /home/ubuntu/arm_ws/build/shabi_ws -- -j16 -l16
[0.342s] DEBUG:colcon.colcon_core.event_handler.log_command:Invoking command in '/home/ubuntu/arm_ws/build/shabi_ws': CMAKE_PREFIX_PATH=/home/ubuntu/arm_ws/install/shabi:/home/ubuntu/arm_ws/install/shabi_ws:/opt/ros/humble CONDA_PROMPT_MODIFIER=(shabi) /usr/bin/cmake --install /home/ubuntu/arm_ws/build/shabi_ws
[0.354s] Level 1:colcon.colcon_core.environment:create_environment_scripts_only(shabi_ws)
[0.354s] Level 1:colcon.colcon_core.environment:checking '/home/ubuntu/arm_ws/install/shabi_ws' for CMake module files
[0.354s] DEBUG:colcon.colcon_core.event_handler.log_command:Invoked command in '/home/ubuntu/arm_ws/build/shabi_ws' returned '0': CMAKE_PREFIX_PATH=/home/ubuntu/arm_ws/install/shabi:/home/ubuntu/arm_ws/install/shabi_ws:/opt/ros/humble CONDA_PROMPT_MODIFIER=(shabi) /usr/bin/cmake --install /home/ubuntu/arm_ws/build/shabi_ws
[0.355s] Level 1:colcon.colcon_core.environment:checking '/home/ubuntu/arm_ws/install/shabi_ws' for CMake config files
[0.355s] Level 1:colcon.colcon_core.shell:create_environment_hook('shabi_ws', 'cmake_prefix_path')
[0.355s] INFO:colcon.colcon_core.shell:Creating environment hook '/home/ubuntu/arm_ws/install/shabi_ws/share/shabi_ws/hook/cmake_prefix_path.ps1'
[0.355s] INFO:colcon.colcon_core.shell:Creating environment descriptor '/home/ubuntu/arm_ws/install/shabi_ws/share/shabi_ws/hook/cmake_prefix_path.dsv'
[0.356s] INFO:colcon.colcon_core.shell:Creating environment hook '/home/ubuntu/arm_ws/install/shabi_ws/share/shabi_ws/hook/cmake_prefix_path.sh'
[0.356s] Level 1:colcon.colcon_core.environment:checking '/home/ubuntu/arm_ws/install/shabi_ws/bin'
[0.356s] Level 1:colcon.colcon_core.environment:checking '/home/ubuntu/arm_ws/install/shabi_ws/lib/pkgconfig/shabi_ws.pc'
[0.356s] Level 1:colcon.colcon_core.environment:checking '/home/ubuntu/arm_ws/install/shabi_ws/lib/python3.10/site-packages'
[0.356s] Level 1:colcon.colcon_core.environment:checking '/home/ubuntu/arm_ws/install/shabi_ws/bin'
[0.357s] INFO:colcon.colcon_core.shell:Creating package script '/home/ubuntu/arm_ws/install/shabi_ws/share/shabi_ws/package.ps1'
[0.357s] INFO:colcon.colcon_core.shell:Creating package descriptor '/home/ubuntu/arm_ws/install/shabi_ws/share/shabi_ws/package.dsv'
[0.357s] INFO:colcon.colcon_core.shell:Creating package script '/home/ubuntu/arm_ws/install/shabi_ws/share/shabi_ws/package.sh'
[0.357s] INFO:colcon.colcon_core.shell:Creating package script '/home/ubuntu/arm_ws/install/shabi_ws/share/shabi_ws/package.bash'
[0.358s] INFO:colcon.colcon_core.shell:Creating package script '/home/ubuntu/arm_ws/install/shabi_ws/share/shabi_ws/package.zsh'
[0.358s] Level 1:colcon.colcon_core.environment:create_file_with_runtime_dependencies(/home/ubuntu/arm_ws/install/shabi_ws/share/colcon-core/packages/shabi_ws)
[0.358s] Level 1:colcon.colcon_core.environment:create_environment_scripts_only(shabi_ws)
[0.358s] Level 1:colcon.colcon_core.environment:checking '/home/ubuntu/arm_ws/install/shabi_ws' for CMake module files
[0.359s] Level 1:colcon.colcon_core.environment:checking '/home/ubuntu/arm_ws/install/shabi_ws' for CMake config files
[0.359s] Level 1:colcon.colcon_core.shell:create_environment_hook('shabi_ws', 'cmake_prefix_path')
[0.359s] INFO:colcon.colcon_core.shell:Creating environment hook '/home/ubuntu/arm_ws/install/shabi_ws/share/shabi_ws/hook/cmake_prefix_path.ps1'
[0.363s] INFO:colcon.colcon_core.shell:Creating environment descriptor '/home/ubuntu/arm_ws/install/shabi_ws/share/shabi_ws/hook/cmake_prefix_path.dsv'
[0.364s] INFO:colcon.colcon_core.shell:Creating environment hook '/home/ubuntu/arm_ws/install/shabi_ws/share/shabi_ws/hook/cmake_prefix_path.sh'
[0.365s] Level 1:colcon.colcon_core.environment:checking '/home/ubuntu/arm_ws/install/shabi_ws/bin'
[0.365s] Level 1:colcon.colcon_core.environment:checking '/home/ubuntu/arm_ws/install/shabi_ws/lib/pkgconfig/shabi_ws.pc'
[0.365s] Level 1:colcon.colcon_core.environment:checking '/home/ubuntu/arm_ws/install/shabi_ws/lib/python3.10/site-packages'
[0.365s] Level 1:colcon.colcon_core.environment:checking '/home/ubuntu/arm_ws/install/shabi_ws/bin'
[0.365s] INFO:colcon.colcon_core.shell:Creating package script '/home/ubuntu/arm_ws/install/shabi_ws/share/shabi_ws/package.ps1'
[0.366s] INFO:colcon.colcon_core.shell:Creating package descriptor '/home/ubuntu/arm_ws/install/shabi_ws/share/shabi_ws/package.dsv'
[0.366s] INFO:colcon.colcon_core.shell:Creating package script '/home/ubuntu/arm_ws/install/shabi_ws/share/shabi_ws/package.sh'
[0.366s] INFO:colcon.colcon_core.shell:Creating package script '/home/ubuntu/arm_ws/install/shabi_ws/share/shabi_ws/package.bash'
[0.366s] INFO:colcon.colcon_core.shell:Creating package script '/home/ubuntu/arm_ws/install/shabi_ws/share/shabi_ws/package.zsh'
[0.367s] Level 1:colcon.colcon_core.environment:create_file_with_runtime_dependencies(/home/ubuntu/arm_ws/install/shabi_ws/share/colcon-core/packages/shabi_ws)
[0.367s] DEBUG:colcon.colcon_parallel_executor.executor.parallel:closing loop
[0.367s] DEBUG:colcon.colcon_parallel_executor.executor.parallel:loop closed
[0.367s] DEBUG:colcon.colcon_parallel_executor.executor.parallel:run_until_complete finished with '0'
[0.367s] DEBUG:colcon.colcon_core.event_reactor:joining thread
[0.371s] INFO:colcon.colcon_core.plugin_system:Skipping extension 'colcon_notification.desktop_notification.terminal_notifier': Not used on non-Darwin systems
[0.371s] INFO:colcon.colcon_core.plugin_system:Skipping extension 'colcon_notification.desktop_notification.win32': Not used on non-Windows systems
[0.371s] INFO:colcon.colcon_notification.desktop_notification:Sending desktop notification using 'notify2'
[0.380s] DEBUG:colcon.colcon_core.event_reactor:joined thread
[0.380s] INFO:colcon.colcon_core.shell:Creating prefix script '/home/ubuntu/arm_ws/install/local_setup.ps1'
[0.381s] INFO:colcon.colcon_core.shell:Creating prefix util module '/home/ubuntu/arm_ws/install/_local_setup_util_ps1.py'
[0.382s] INFO:colcon.colcon_core.shell:Creating prefix chain script '/home/ubuntu/arm_ws/install/setup.ps1'
[0.383s] INFO:colcon.colcon_core.shell:Creating prefix script '/home/ubuntu/arm_ws/install/local_setup.sh'
[0.383s] INFO:colcon.colcon_core.shell:Creating prefix util module '/home/ubuntu/arm_ws/install/_local_setup_util_sh.py'
[0.383s] INFO:colcon.colcon_core.shell:Creating prefix chain script '/home/ubuntu/arm_ws/install/setup.sh'
[0.384s] INFO:colcon.colcon_core.shell:Creating prefix script '/home/ubuntu/arm_ws/install/local_setup.bash'
[0.384s] INFO:colcon.colcon_core.shell:Creating prefix chain script '/home/ubuntu/arm_ws/install/setup.bash'
[0.385s] INFO:colcon.colcon_core.shell:Creating prefix script '/home/ubuntu/arm_ws/install/local_setup.zsh'
[0.385s] INFO:colcon.colcon_core.shell:Creating prefix chain script '/home/ubuntu/arm_ws/install/setup.zsh'
