[0.296s] Invoking command in '/home/ubuntu/arm_ws/build/shabi': CMAKE_PREFIX_PATH=/opt/ros/humble CONDA_PROMPT_MODIFIER=(base) /usr/bin/cmake --build /home/ubuntu/arm_ws/build/shabi -- -j16 -l16
[1.496s] Invoked command in '/home/ubuntu/arm_ws/build/shabi' returned '0': CMAKE_PREFIX_PATH=/opt/ros/humble CONDA_PROMPT_MODIFIER=(base) /usr/bin/cmake --build /home/ubuntu/arm_ws/build/shabi -- -j16 -l16
[1.538s] Invoking command in '/home/ubuntu/arm_ws/build/shabi': CMAKE_PREFIX_PATH=/opt/ros/humble CONDA_PROMPT_MODIFIER=(base) /usr/bin/cmake --install /home/ubuntu/arm_ws/build/shabi
[1.587s] -- Install configuration: ""
[1.635s] -- Up-to-date: /home/ubuntu/arm_ws/install/shabi/share/shabi/urdf
[1.640s] -- Up-to-date: /home/ubuntu/arm_ws/install/shabi/share/shabi/urdf/shabi.urdf
[1.640s] -- Up-to-date: /home/ubuntu/arm_ws/install/shabi/share/shabi/urdf/shabi.csv
[1.640s] -- Up-to-date: /home/ubuntu/arm_ws/install/shabi/share/shabi/launch
[1.640s] -- Up-to-date: /home/ubuntu/arm_ws/install/shabi/share/shabi/launch/gazebo.launch
[1.641s] -- Up-to-date: /home/ubuntu/arm_ws/install/shabi/share/shabi/launch/display.launch
[1.641s] -- Up-to-date: /home/ubuntu/arm_ws/install/shabi/share/shabi/meshes
[1.641s] -- Up-to-date: /home/ubuntu/arm_ws/install/shabi/share/shabi/meshes/base_link.STL
[1.641s] -- Up-to-date: /home/ubuntu/arm_ws/install/shabi/share/shabi/meshes/link1.STL
[1.641s] -- Up-to-date: /home/ubuntu/arm_ws/install/shabi/share/shabi/meshes/link2.STL
[1.641s] -- Up-to-date: /home/ubuntu/arm_ws/install/shabi/share/shabi/meshes/link3.STL
[1.641s] -- Up-to-date: /home/ubuntu/arm_ws/install/shabi/share/shabi/meshes/link6.STL
[1.641s] -- Up-to-date: /home/ubuntu/arm_ws/install/shabi/share/shabi/meshes/link4.STL
[1.641s] -- Up-to-date: /home/ubuntu/arm_ws/install/shabi/share/shabi/meshes/link5.STL
[1.642s] -- Up-to-date: /home/ubuntu/arm_ws/install/shabi/share/shabi/config
[1.642s] -- Up-to-date: /home/ubuntu/arm_ws/install/shabi/share/shabi/config/joint_names_shabi.yaml
[1.642s] -- Up-to-date: /home/ubuntu/arm_ws/install/shabi/share/ament_index/resource_index/package_run_dependencies/shabi
[1.642s] -- Up-to-date: /home/ubuntu/arm_ws/install/shabi/share/ament_index/resource_index/parent_prefix_path/shabi
[1.643s] -- Up-to-date: /home/ubuntu/arm_ws/install/shabi/share/shabi/environment/ament_prefix_path.sh
[1.643s] -- Up-to-date: /home/ubuntu/arm_ws/install/shabi/share/shabi/environment/ament_prefix_path.dsv
[1.643s] -- Up-to-date: /home/ubuntu/arm_ws/install/shabi/share/shabi/environment/path.sh
[1.643s] -- Up-to-date: /home/ubuntu/arm_ws/install/shabi/share/shabi/environment/path.dsv
[1.643s] -- Up-to-date: /home/ubuntu/arm_ws/install/shabi/share/shabi/local_setup.bash
[1.643s] -- Up-to-date: /home/ubuntu/arm_ws/install/shabi/share/shabi/local_setup.sh
[1.643s] -- Up-to-date: /home/ubuntu/arm_ws/install/shabi/share/shabi/local_setup.zsh
[1.643s] -- Up-to-date: /home/ubuntu/arm_ws/install/shabi/share/shabi/local_setup.dsv
[1.643s] -- Installing: /home/ubuntu/arm_ws/install/shabi/share/shabi/package.dsv
[1.675s] -- Up-to-date: /home/ubuntu/arm_ws/install/shabi/share/ament_index/resource_index/packages/shabi
[1.675s] -- Up-to-date: /home/ubuntu/arm_ws/install/shabi/share/shabi/cmake/shabiConfig.cmake
[1.676s] -- Up-to-date: /home/ubuntu/arm_ws/install/shabi/share/shabi/cmake/shabiConfig-version.cmake
[1.676s] -- Up-to-date: /home/ubuntu/arm_ws/install/shabi/share/shabi/package.xml
[1.679s] Invoked command in '/home/ubuntu/arm_ws/build/shabi' returned '0': CMAKE_PREFIX_PATH=/opt/ros/humble CONDA_PROMPT_MODIFIER=(base) /usr/bin/cmake --install /home/ubuntu/arm_ws/build/shabi
