[0.087s] DEBUG:colcon:Command line arguments: ['/usr/bin/colcon', 'build']
[0.087s] DEBUG:colcon:Parsed command line arguments: Namespace(log_base=None, log_level=None, verb_name='build', build_base='build', install_base='install', merge_install=False, symlink_install=False, test_result_base=None, continue_on_error=False, executor='parallel', parallel_workers=16, event_handlers=None, ignore_user_meta=False, metas=['./colcon.meta'], base_paths=['.'], packages_ignore=None, packages_ignore_regex=None, paths=None, packages_up_to=None, packages_up_to_regex=None, packages_above=None, packages_above_and_dependencies=None, packages_above_depth=None, packages_select_by_dep=None, packages_skip_by_dep=None, packages_skip_up_to=None, packages_select_build_failed=False, packages_skip_build_finished=False, packages_select_test_failures=False, packages_skip_test_passed=False, packages_select=None, packages_skip=None, packages_select_regex=None, packages_skip_regex=None, packages_start=None, packages_end=None, allow_overriding=[], cmake_args=None, cmake_target=None, cmake_target_skip_unavailable=False, cmake_clean_cache=False, cmake_clean_first=False, cmake_force_configure=False, ament_cmake_args=None, catkin_cmake_args=None, catkin_skip_building_tests=False, mixin_files=None, mixin=None, verb_parser=<colcon_mixin.mixin.mixin_argument.MixinArgumentDecorator object at 0x74ed10e67520>, verb_extension=<colcon_core.verb.build.BuildVerb object at 0x74ed10e67100>, main=<bound method BuildVerb.main of <colcon_core.verb.build.BuildVerb object at 0x74ed10e67100>>, mixin_verb=('build',))
[0.116s] Level 1:colcon.colcon_core.package_discovery:discover_packages(colcon_meta) check parameters
[0.117s] Level 1:colcon.colcon_core.package_discovery:discover_packages(recursive) check parameters
[0.117s] Level 1:colcon.colcon_core.package_discovery:discover_packages(ignore) check parameters
[0.117s] Level 1:colcon.colcon_core.package_discovery:discover_packages(path) check parameters
[0.117s] Level 1:colcon.colcon_core.package_discovery:discover_packages(colcon_meta) discover
[0.117s] Level 1:colcon.colcon_core.package_discovery:discover_packages(recursive) discover
[0.117s] INFO:colcon.colcon_core.package_discovery:Crawling recursively for packages in '/home/ubuntu/arm_ws'
[0.117s] Level 1:colcon.colcon_core.package_identification:_identify(.) by extensions ['ignore', 'ignore_ament_install']
[0.117s] Level 1:colcon.colcon_core.package_identification:_identify(.) by extension 'ignore'
[0.117s] Level 1:colcon.colcon_core.package_identification:_identify(.) by extension 'ignore_ament_install'
[0.117s] Level 1:colcon.colcon_core.package_identification:_identify(.) by extensions ['colcon_pkg']
[0.117s] Level 1:colcon.colcon_core.package_identification:_identify(.) by extension 'colcon_pkg'
[0.117s] Level 1:colcon.colcon_core.package_identification:_identify(.) by extensions ['colcon_meta']
[0.117s] Level 1:colcon.colcon_core.package_identification:_identify(.) by extension 'colcon_meta'
[0.117s] Level 1:colcon.colcon_core.package_identification:_identify(.) by extensions ['ros']
[0.117s] Level 1:colcon.colcon_core.package_identification:_identify(.) by extension 'ros'
[0.128s] Level 1:colcon.colcon_core.package_identification:_identify(.) by extensions ['cmake', 'python']
[0.128s] Level 1:colcon.colcon_core.package_identification:_identify(.) by extension 'cmake'
[0.128s] Level 1:colcon.colcon_core.package_identification:_identify(.) by extension 'python'
[0.128s] Level 1:colcon.colcon_core.package_identification:_identify(.) by extensions ['python_setup_py']
[0.128s] Level 1:colcon.colcon_core.package_identification:_identify(.) by extension 'python_setup_py'
[0.128s] Level 1:colcon.colcon_core.package_identification:_identify(build) by extensions ['ignore', 'ignore_ament_install']
[0.128s] Level 1:colcon.colcon_core.package_identification:_identify(build) by extension 'ignore'
[0.128s] Level 1:colcon.colcon_core.package_identification:_identify(build) ignored
[0.128s] Level 1:colcon.colcon_core.package_identification:_identify(install) by extensions ['ignore', 'ignore_ament_install']
[0.128s] Level 1:colcon.colcon_core.package_identification:_identify(install) by extension 'ignore'
[0.128s] Level 1:colcon.colcon_core.package_identification:_identify(install) ignored
[0.128s] Level 1:colcon.colcon_core.package_identification:_identify(log) by extensions ['ignore', 'ignore_ament_install']
[0.128s] Level 1:colcon.colcon_core.package_identification:_identify(log) by extension 'ignore'
[0.128s] Level 1:colcon.colcon_core.package_identification:_identify(log) ignored
[0.128s] Level 1:colcon.colcon_core.package_identification:_identify(src) by extensions ['ignore', 'ignore_ament_install']
[0.129s] Level 1:colcon.colcon_core.package_identification:_identify(src) by extension 'ignore'
[0.129s] Level 1:colcon.colcon_core.package_identification:_identify(src) by extension 'ignore_ament_install'
[0.129s] Level 1:colcon.colcon_core.package_identification:_identify(src) by extensions ['colcon_pkg']
[0.129s] Level 1:colcon.colcon_core.package_identification:_identify(src) by extension 'colcon_pkg'
[0.129s] Level 1:colcon.colcon_core.package_identification:_identify(src) by extensions ['colcon_meta']
[0.129s] Level 1:colcon.colcon_core.package_identification:_identify(src) by extension 'colcon_meta'
[0.129s] Level 1:colcon.colcon_core.package_identification:_identify(src) by extensions ['ros']
[0.129s] Level 1:colcon.colcon_core.package_identification:_identify(src) by extension 'ros'
[0.129s] Level 1:colcon.colcon_core.package_identification:_identify(src) by extensions ['cmake', 'python']
[0.129s] Level 1:colcon.colcon_core.package_identification:_identify(src) by extension 'cmake'
[0.129s] Level 1:colcon.colcon_core.package_identification:_identify(src) by extension 'python'
[0.129s] Level 1:colcon.colcon_core.package_identification:_identify(src) by extensions ['python_setup_py']
[0.129s] Level 1:colcon.colcon_core.package_identification:_identify(src) by extension 'python_setup_py'
[0.129s] Level 1:colcon.colcon_core.package_identification:_identify(src/shabi) by extensions ['ignore', 'ignore_ament_install']
[0.129s] Level 1:colcon.colcon_core.package_identification:_identify(src/shabi) by extension 'ignore'
[0.129s] Level 1:colcon.colcon_core.package_identification:_identify(src/shabi) by extension 'ignore_ament_install'
[0.129s] Level 1:colcon.colcon_core.package_identification:_identify(src/shabi) by extensions ['colcon_pkg']
[0.129s] Level 1:colcon.colcon_core.package_identification:_identify(src/shabi) by extension 'colcon_pkg'
[0.129s] Level 1:colcon.colcon_core.package_identification:_identify(src/shabi) by extensions ['colcon_meta']
[0.129s] Level 1:colcon.colcon_core.package_identification:_identify(src/shabi) by extension 'colcon_meta'
[0.129s] Level 1:colcon.colcon_core.package_identification:_identify(src/shabi) by extensions ['ros']
[0.129s] Level 1:colcon.colcon_core.package_identification:_identify(src/shabi) by extension 'ros'
[0.131s] DEBUG:colcon.colcon_core.package_identification:Package 'src/shabi' with type 'ros.ament_cmake' and name 'shabi'
[0.131s] Level 1:colcon.colcon_core.package_identification:_identify(src/shabi_ws) by extensions ['ignore', 'ignore_ament_install']
[0.131s] Level 1:colcon.colcon_core.package_identification:_identify(src/shabi_ws) by extension 'ignore'
[0.131s] Level 1:colcon.colcon_core.package_identification:_identify(src/shabi_ws) by extension 'ignore_ament_install'
[0.131s] Level 1:colcon.colcon_core.package_identification:_identify(src/shabi_ws) by extensions ['colcon_pkg']
[0.131s] Level 1:colcon.colcon_core.package_identification:_identify(src/shabi_ws) by extension 'colcon_pkg'
[0.132s] Level 1:colcon.colcon_core.package_identification:_identify(src/shabi_ws) by extensions ['colcon_meta']
[0.132s] Level 1:colcon.colcon_core.package_identification:_identify(src/shabi_ws) by extension 'colcon_meta'
[0.132s] Level 1:colcon.colcon_core.package_identification:_identify(src/shabi_ws) by extensions ['ros']
[0.132s] Level 1:colcon.colcon_core.package_identification:_identify(src/shabi_ws) by extension 'ros'
[0.132s] DEBUG:colcon.colcon_core.package_identification:Package 'src/shabi_ws' with type 'ros.ament_cmake' and name 'shabi_ws'
[0.132s] Level 1:colcon.colcon_core.package_discovery:discover_packages(recursive) using defaults
[0.132s] Level 1:colcon.colcon_core.package_discovery:discover_packages(ignore) discover
[0.132s] Level 1:colcon.colcon_core.package_discovery:discover_packages(ignore) using defaults
[0.132s] Level 1:colcon.colcon_core.package_discovery:discover_packages(path) discover
[0.132s] Level 1:colcon.colcon_core.package_discovery:discover_packages(path) using defaults
[0.148s] Level 1:colcon.colcon_core.package_discovery:discover_packages(prefix_path) check parameters
[0.148s] Level 1:colcon.colcon_core.package_discovery:discover_packages(prefix_path) discover
[0.148s] WARNING:colcon.colcon_ros.prefix_path.ament:The path '/home/ubuntu/arm_ws/install/shabi_ws' in the environment variable AMENT_PREFIX_PATH doesn't exist
[0.148s] WARNING:colcon.colcon_ros.prefix_path.ament:The path '/home/ubuntu/arm_ws/install/shabi' in the environment variable AMENT_PREFIX_PATH doesn't exist
[0.148s] WARNING:colcon.colcon_ros.prefix_path.catkin:The path '/home/ubuntu/arm_ws/install/shabi_ws' in the environment variable CMAKE_PREFIX_PATH doesn't exist
[0.149s] WARNING:colcon.colcon_ros.prefix_path.catkin:The path '/home/ubuntu/arm_ws/install/shabi' in the environment variable CMAKE_PREFIX_PATH doesn't exist
[0.149s] DEBUG:colcon.colcon_installed_package_information.package_discovery:Found 0 installed packages in /home/ubuntu/arm_ws/install
[0.150s] DEBUG:colcon.colcon_installed_package_information.package_discovery:Found 402 installed packages in /opt/ros/humble
[0.151s] Level 1:colcon.colcon_core.package_discovery:discover_packages(prefix_path) using defaults
[0.185s] Level 5:colcon.colcon_core.verb:set package 'shabi' build argument 'cmake_args' from command line to 'None'
[0.185s] Level 5:colcon.colcon_core.verb:set package 'shabi' build argument 'cmake_target' from command line to 'None'
[0.185s] Level 5:colcon.colcon_core.verb:set package 'shabi' build argument 'cmake_target_skip_unavailable' from command line to 'False'
[0.185s] Level 5:colcon.colcon_core.verb:set package 'shabi' build argument 'cmake_clean_cache' from command line to 'False'
[0.185s] Level 5:colcon.colcon_core.verb:set package 'shabi' build argument 'cmake_clean_first' from command line to 'False'
[0.185s] Level 5:colcon.colcon_core.verb:set package 'shabi' build argument 'cmake_force_configure' from command line to 'False'
[0.186s] Level 5:colcon.colcon_core.verb:set package 'shabi' build argument 'ament_cmake_args' from command line to 'None'
[0.186s] Level 5:colcon.colcon_core.verb:set package 'shabi' build argument 'catkin_cmake_args' from command line to 'None'
[0.186s] Level 5:colcon.colcon_core.verb:set package 'shabi' build argument 'catkin_skip_building_tests' from command line to 'False'
[0.186s] DEBUG:colcon.colcon_core.verb:Building package 'shabi' with the following arguments: {'ament_cmake_args': None, 'build_base': '/home/ubuntu/arm_ws/build/shabi', 'catkin_cmake_args': None, 'catkin_skip_building_tests': False, 'cmake_args': None, 'cmake_clean_cache': False, 'cmake_clean_first': False, 'cmake_force_configure': False, 'cmake_target': None, 'cmake_target_skip_unavailable': False, 'install_base': '/home/ubuntu/arm_ws/install/shabi', 'merge_install': False, 'path': '/home/ubuntu/arm_ws/src/shabi', 'symlink_install': False, 'test_result_base': None}
[0.186s] Level 5:colcon.colcon_core.verb:set package 'shabi_ws' build argument 'cmake_args' from command line to 'None'
[0.186s] Level 5:colcon.colcon_core.verb:set package 'shabi_ws' build argument 'cmake_target' from command line to 'None'
[0.186s] Level 5:colcon.colcon_core.verb:set package 'shabi_ws' build argument 'cmake_target_skip_unavailable' from command line to 'False'
[0.186s] Level 5:colcon.colcon_core.verb:set package 'shabi_ws' build argument 'cmake_clean_cache' from command line to 'False'
[0.186s] Level 5:colcon.colcon_core.verb:set package 'shabi_ws' build argument 'cmake_clean_first' from command line to 'False'
[0.186s] Level 5:colcon.colcon_core.verb:set package 'shabi_ws' build argument 'cmake_force_configure' from command line to 'False'
[0.186s] Level 5:colcon.colcon_core.verb:set package 'shabi_ws' build argument 'ament_cmake_args' from command line to 'None'
[0.186s] Level 5:colcon.colcon_core.verb:set package 'shabi_ws' build argument 'catkin_cmake_args' from command line to 'None'
[0.186s] Level 5:colcon.colcon_core.verb:set package 'shabi_ws' build argument 'catkin_skip_building_tests' from command line to 'False'
[0.186s] DEBUG:colcon.colcon_core.verb:Building package 'shabi_ws' with the following arguments: {'ament_cmake_args': None, 'build_base': '/home/ubuntu/arm_ws/build/shabi_ws', 'catkin_cmake_args': None, 'catkin_skip_building_tests': False, 'cmake_args': None, 'cmake_clean_cache': False, 'cmake_clean_first': False, 'cmake_force_configure': False, 'cmake_target': None, 'cmake_target_skip_unavailable': False, 'install_base': '/home/ubuntu/arm_ws/install/shabi_ws', 'merge_install': False, 'path': '/home/ubuntu/arm_ws/src/shabi_ws', 'symlink_install': False, 'test_result_base': None}
[0.186s] INFO:colcon.colcon_core.executor:Executing jobs using 'parallel' executor
[0.187s] DEBUG:colcon.colcon_parallel_executor.executor.parallel:run_until_complete
[0.187s] INFO:colcon.colcon_ros.task.ament_cmake.build:Building ROS package in '/home/ubuntu/arm_ws/src/shabi' with build type 'ament_cmake'
[0.187s] INFO:colcon.colcon_cmake.task.cmake.build:Building CMake package in '/home/ubuntu/arm_ws/src/shabi'
[0.189s] INFO:colcon.colcon_core.plugin_system:Skipping extension 'colcon_core.shell.bat': Not used on non-Windows systems
[0.189s] INFO:colcon.colcon_core.shell:Skip shell extension 'powershell' for command environment: Not usable outside of PowerShell
[0.189s] DEBUG:colcon.colcon_core.shell:Skip shell extension 'dsv' for command environment
[0.197s] DEBUG:colcon.colcon_core.event_handler.log_command:Invoking command in '/home/ubuntu/arm_ws/build/shabi': CMAKE_PREFIX_PATH=${CMAKE_PREFIX_PATH}:/opt/ros/humble /usr/bin/cmake /home/ubuntu/arm_ws/src/shabi -DCMAKE_INSTALL_PREFIX=/home/ubuntu/arm_ws/install/shabi
[0.895s] DEBUG:colcon.colcon_core.event_handler.log_command:Invoked command in '/home/ubuntu/arm_ws/build/shabi' returned '0': CMAKE_PREFIX_PATH=${CMAKE_PREFIX_PATH}:/opt/ros/humble /usr/bin/cmake /home/ubuntu/arm_ws/src/shabi -DCMAKE_INSTALL_PREFIX=/home/ubuntu/arm_ws/install/shabi
[0.897s] DEBUG:colcon.colcon_core.event_handler.log_command:Invoking command in '/home/ubuntu/arm_ws/build/shabi': CMAKE_PREFIX_PATH=${CMAKE_PREFIX_PATH}:/opt/ros/humble /usr/bin/cmake --build /home/ubuntu/arm_ws/build/shabi -- -j16 -l16
[0.933s] DEBUG:colcon.colcon_core.event_handler.log_command:Invoked command in '/home/ubuntu/arm_ws/build/shabi' returned '0': CMAKE_PREFIX_PATH=${CMAKE_PREFIX_PATH}:/opt/ros/humble /usr/bin/cmake --build /home/ubuntu/arm_ws/build/shabi -- -j16 -l16
[0.942s] DEBUG:colcon.colcon_core.event_handler.log_command:Invoking command in '/home/ubuntu/arm_ws/build/shabi': CMAKE_PREFIX_PATH=${CMAKE_PREFIX_PATH}:/opt/ros/humble /usr/bin/cmake --install /home/ubuntu/arm_ws/build/shabi
[0.987s] Level 1:colcon.colcon_core.environment:create_environment_scripts_only(shabi)
[0.988s] DEBUG:colcon.colcon_core.event_handler.log_command:Invoked command in '/home/ubuntu/arm_ws/build/shabi' returned '0': CMAKE_PREFIX_PATH=${CMAKE_PREFIX_PATH}:/opt/ros/humble /usr/bin/cmake --install /home/ubuntu/arm_ws/build/shabi
[0.990s] Level 1:colcon.colcon_core.environment:checking '/home/ubuntu/arm_ws/install/shabi' for CMake module files
[0.990s] Level 1:colcon.colcon_core.environment:checking '/home/ubuntu/arm_ws/install/shabi' for CMake config files
[0.991s] Level 1:colcon.colcon_core.shell:create_environment_hook('shabi', 'cmake_prefix_path')
[0.991s] INFO:colcon.colcon_core.shell:Creating environment hook '/home/ubuntu/arm_ws/install/shabi/share/shabi/hook/cmake_prefix_path.ps1'
[0.992s] INFO:colcon.colcon_core.shell:Creating environment descriptor '/home/ubuntu/arm_ws/install/shabi/share/shabi/hook/cmake_prefix_path.dsv'
[0.992s] INFO:colcon.colcon_core.shell:Creating environment hook '/home/ubuntu/arm_ws/install/shabi/share/shabi/hook/cmake_prefix_path.sh'
[0.993s] Level 1:colcon.colcon_core.environment:checking '/home/ubuntu/arm_ws/install/shabi/bin'
[0.993s] Level 1:colcon.colcon_core.environment:checking '/home/ubuntu/arm_ws/install/shabi/lib/pkgconfig/shabi.pc'
[0.993s] Level 1:colcon.colcon_core.environment:checking '/home/ubuntu/arm_ws/install/shabi/lib/python3.10/site-packages'
[0.993s] Level 1:colcon.colcon_core.environment:checking '/home/ubuntu/arm_ws/install/shabi/bin'
[0.993s] INFO:colcon.colcon_core.shell:Creating package script '/home/ubuntu/arm_ws/install/shabi/share/shabi/package.ps1'
[0.994s] INFO:colcon.colcon_core.shell:Creating package descriptor '/home/ubuntu/arm_ws/install/shabi/share/shabi/package.dsv'
[0.994s] INFO:colcon.colcon_core.shell:Creating package script '/home/ubuntu/arm_ws/install/shabi/share/shabi/package.sh'
[0.995s] INFO:colcon.colcon_core.shell:Creating package script '/home/ubuntu/arm_ws/install/shabi/share/shabi/package.bash'
[0.995s] INFO:colcon.colcon_core.shell:Creating package script '/home/ubuntu/arm_ws/install/shabi/share/shabi/package.zsh'
[0.995s] Level 1:colcon.colcon_core.environment:create_file_with_runtime_dependencies(/home/ubuntu/arm_ws/install/shabi/share/colcon-core/packages/shabi)
[0.996s] Level 1:colcon.colcon_core.environment:create_environment_scripts_only(shabi)
[0.996s] Level 1:colcon.colcon_core.environment:checking '/home/ubuntu/arm_ws/install/shabi' for CMake module files
[0.996s] Level 1:colcon.colcon_core.environment:checking '/home/ubuntu/arm_ws/install/shabi' for CMake config files
[0.996s] Level 1:colcon.colcon_core.shell:create_environment_hook('shabi', 'cmake_prefix_path')
[0.997s] INFO:colcon.colcon_core.shell:Creating environment hook '/home/ubuntu/arm_ws/install/shabi/share/shabi/hook/cmake_prefix_path.ps1'
[0.997s] INFO:colcon.colcon_core.shell:Creating environment descriptor '/home/ubuntu/arm_ws/install/shabi/share/shabi/hook/cmake_prefix_path.dsv'
[0.997s] INFO:colcon.colcon_core.shell:Creating environment hook '/home/ubuntu/arm_ws/install/shabi/share/shabi/hook/cmake_prefix_path.sh'
[0.997s] Level 1:colcon.colcon_core.environment:checking '/home/ubuntu/arm_ws/install/shabi/bin'
[0.997s] Level 1:colcon.colcon_core.environment:checking '/home/ubuntu/arm_ws/install/shabi/lib/pkgconfig/shabi.pc'
[0.998s] Level 1:colcon.colcon_core.environment:checking '/home/ubuntu/arm_ws/install/shabi/lib/python3.10/site-packages'
[0.998s] Level 1:colcon.colcon_core.environment:checking '/home/ubuntu/arm_ws/install/shabi/bin'
[0.998s] INFO:colcon.colcon_core.shell:Creating package script '/home/ubuntu/arm_ws/install/shabi/share/shabi/package.ps1'
[0.998s] INFO:colcon.colcon_core.shell:Creating package descriptor '/home/ubuntu/arm_ws/install/shabi/share/shabi/package.dsv'
[1.005s] INFO:colcon.colcon_core.shell:Creating package script '/home/ubuntu/arm_ws/install/shabi/share/shabi/package.sh'
[1.005s] INFO:colcon.colcon_core.shell:Creating package script '/home/ubuntu/arm_ws/install/shabi/share/shabi/package.bash'
[1.006s] INFO:colcon.colcon_core.shell:Creating package script '/home/ubuntu/arm_ws/install/shabi/share/shabi/package.zsh'
[1.006s] Level 1:colcon.colcon_core.environment:create_file_with_runtime_dependencies(/home/ubuntu/arm_ws/install/shabi/share/colcon-core/packages/shabi)
[1.006s] INFO:colcon.colcon_ros.task.ament_cmake.build:Building ROS package in '/home/ubuntu/arm_ws/src/shabi_ws' with build type 'ament_cmake'
[1.006s] INFO:colcon.colcon_cmake.task.cmake.build:Building CMake package in '/home/ubuntu/arm_ws/src/shabi_ws'
[1.006s] INFO:colcon.colcon_core.shell:Skip shell extension 'powershell' for command environment: Not usable outside of PowerShell
[1.006s] DEBUG:colcon.colcon_core.shell:Skip shell extension 'dsv' for command environment
[1.022s] DEBUG:colcon.colcon_core.event_handler.log_command:Invoking command in '/home/ubuntu/arm_ws/build/shabi_ws': CMAKE_PREFIX_PATH=/home/ubuntu/arm_ws/install/shabi:/home/ubuntu/arm_ws/install/shabi_ws:/opt/ros/humble /usr/bin/cmake /home/ubuntu/arm_ws/src/shabi_ws -DCMAKE_INSTALL_PREFIX=/home/ubuntu/arm_ws/install/shabi_ws
[1.727s] DEBUG:colcon.colcon_core.event_handler.log_command:Invoked command in '/home/ubuntu/arm_ws/build/shabi_ws' returned '0': CMAKE_PREFIX_PATH=/home/ubuntu/arm_ws/install/shabi:/home/ubuntu/arm_ws/install/shabi_ws:/opt/ros/humble /usr/bin/cmake /home/ubuntu/arm_ws/src/shabi_ws -DCMAKE_INSTALL_PREFIX=/home/ubuntu/arm_ws/install/shabi_ws
[1.729s] DEBUG:colcon.colcon_core.event_handler.log_command:Invoking command in '/home/ubuntu/arm_ws/build/shabi_ws': CMAKE_PREFIX_PATH=/home/ubuntu/arm_ws/install/shabi:/home/ubuntu/arm_ws/install/shabi_ws:/opt/ros/humble /usr/bin/cmake --build /home/ubuntu/arm_ws/build/shabi_ws -- -j16 -l16
[1.763s] DEBUG:colcon.colcon_core.event_handler.log_command:Invoked command in '/home/ubuntu/arm_ws/build/shabi_ws' returned '0': CMAKE_PREFIX_PATH=/home/ubuntu/arm_ws/install/shabi:/home/ubuntu/arm_ws/install/shabi_ws:/opt/ros/humble /usr/bin/cmake --build /home/ubuntu/arm_ws/build/shabi_ws -- -j16 -l16
[1.764s] DEBUG:colcon.colcon_core.event_handler.log_command:Invoking command in '/home/ubuntu/arm_ws/build/shabi_ws': CMAKE_PREFIX_PATH=/home/ubuntu/arm_ws/install/shabi:/home/ubuntu/arm_ws/install/shabi_ws:/opt/ros/humble /usr/bin/cmake --install /home/ubuntu/arm_ws/build/shabi_ws
[1.813s] Level 1:colcon.colcon_core.environment:create_environment_scripts_only(shabi_ws)
[1.814s] Level 1:colcon.colcon_core.environment:checking '/home/ubuntu/arm_ws/install/shabi_ws' for CMake module files
[1.814s] DEBUG:colcon.colcon_core.event_handler.log_command:Invoked command in '/home/ubuntu/arm_ws/build/shabi_ws' returned '0': CMAKE_PREFIX_PATH=/home/ubuntu/arm_ws/install/shabi:/home/ubuntu/arm_ws/install/shabi_ws:/opt/ros/humble /usr/bin/cmake --install /home/ubuntu/arm_ws/build/shabi_ws
[1.814s] Level 1:colcon.colcon_core.environment:checking '/home/ubuntu/arm_ws/install/shabi_ws' for CMake config files
[1.814s] Level 1:colcon.colcon_core.shell:create_environment_hook('shabi_ws', 'cmake_prefix_path')
[1.814s] INFO:colcon.colcon_core.shell:Creating environment hook '/home/ubuntu/arm_ws/install/shabi_ws/share/shabi_ws/hook/cmake_prefix_path.ps1'
[1.815s] INFO:colcon.colcon_core.shell:Creating environment descriptor '/home/ubuntu/arm_ws/install/shabi_ws/share/shabi_ws/hook/cmake_prefix_path.dsv'
[1.815s] INFO:colcon.colcon_core.shell:Creating environment hook '/home/ubuntu/arm_ws/install/shabi_ws/share/shabi_ws/hook/cmake_prefix_path.sh'
[1.815s] Level 1:colcon.colcon_core.environment:checking '/home/ubuntu/arm_ws/install/shabi_ws/bin'
[1.815s] Level 1:colcon.colcon_core.environment:checking '/home/ubuntu/arm_ws/install/shabi_ws/lib/pkgconfig/shabi_ws.pc'
[1.816s] Level 1:colcon.colcon_core.environment:checking '/home/ubuntu/arm_ws/install/shabi_ws/lib/python3.10/site-packages'
[1.816s] Level 1:colcon.colcon_core.environment:checking '/home/ubuntu/arm_ws/install/shabi_ws/bin'
[1.816s] INFO:colcon.colcon_core.shell:Creating package script '/home/ubuntu/arm_ws/install/shabi_ws/share/shabi_ws/package.ps1'
[1.816s] INFO:colcon.colcon_core.shell:Creating package descriptor '/home/ubuntu/arm_ws/install/shabi_ws/share/shabi_ws/package.dsv'
[1.817s] INFO:colcon.colcon_core.shell:Creating package script '/home/ubuntu/arm_ws/install/shabi_ws/share/shabi_ws/package.sh'
[1.817s] INFO:colcon.colcon_core.shell:Creating package script '/home/ubuntu/arm_ws/install/shabi_ws/share/shabi_ws/package.bash'
[1.817s] INFO:colcon.colcon_core.shell:Creating package script '/home/ubuntu/arm_ws/install/shabi_ws/share/shabi_ws/package.zsh'
[1.817s] Level 1:colcon.colcon_core.environment:create_file_with_runtime_dependencies(/home/ubuntu/arm_ws/install/shabi_ws/share/colcon-core/packages/shabi_ws)
[1.818s] Level 1:colcon.colcon_core.environment:create_environment_scripts_only(shabi_ws)
[1.818s] Level 1:colcon.colcon_core.environment:checking '/home/ubuntu/arm_ws/install/shabi_ws' for CMake module files
[1.818s] Level 1:colcon.colcon_core.environment:checking '/home/ubuntu/arm_ws/install/shabi_ws' for CMake config files
[1.819s] Level 1:colcon.colcon_core.shell:create_environment_hook('shabi_ws', 'cmake_prefix_path')
[1.819s] INFO:colcon.colcon_core.shell:Creating environment hook '/home/ubuntu/arm_ws/install/shabi_ws/share/shabi_ws/hook/cmake_prefix_path.ps1'
[1.819s] INFO:colcon.colcon_core.shell:Creating environment descriptor '/home/ubuntu/arm_ws/install/shabi_ws/share/shabi_ws/hook/cmake_prefix_path.dsv'
[1.819s] INFO:colcon.colcon_core.shell:Creating environment hook '/home/ubuntu/arm_ws/install/shabi_ws/share/shabi_ws/hook/cmake_prefix_path.sh'
[1.820s] Level 1:colcon.colcon_core.environment:checking '/home/ubuntu/arm_ws/install/shabi_ws/bin'
[1.820s] Level 1:colcon.colcon_core.environment:checking '/home/ubuntu/arm_ws/install/shabi_ws/lib/pkgconfig/shabi_ws.pc'
[1.820s] Level 1:colcon.colcon_core.environment:checking '/home/ubuntu/arm_ws/install/shabi_ws/lib/python3.10/site-packages'
[1.820s] Level 1:colcon.colcon_core.environment:checking '/home/ubuntu/arm_ws/install/shabi_ws/bin'
[1.820s] INFO:colcon.colcon_core.shell:Creating package script '/home/ubuntu/arm_ws/install/shabi_ws/share/shabi_ws/package.ps1'
[1.820s] INFO:colcon.colcon_core.shell:Creating package descriptor '/home/ubuntu/arm_ws/install/shabi_ws/share/shabi_ws/package.dsv'
[1.827s] INFO:colcon.colcon_core.shell:Creating package script '/home/ubuntu/arm_ws/install/shabi_ws/share/shabi_ws/package.sh'
[1.828s] INFO:colcon.colcon_core.shell:Creating package script '/home/ubuntu/arm_ws/install/shabi_ws/share/shabi_ws/package.bash'
[1.828s] INFO:colcon.colcon_core.shell:Creating package script '/home/ubuntu/arm_ws/install/shabi_ws/share/shabi_ws/package.zsh'
[1.829s] Level 1:colcon.colcon_core.environment:create_file_with_runtime_dependencies(/home/ubuntu/arm_ws/install/shabi_ws/share/colcon-core/packages/shabi_ws)
[1.829s] DEBUG:colcon.colcon_parallel_executor.executor.parallel:closing loop
[1.829s] DEBUG:colcon.colcon_parallel_executor.executor.parallel:loop closed
[1.829s] DEBUG:colcon.colcon_parallel_executor.executor.parallel:run_until_complete finished with '0'
[1.829s] DEBUG:colcon.colcon_core.event_reactor:joining thread
[1.833s] INFO:colcon.colcon_core.plugin_system:Skipping extension 'colcon_notification.desktop_notification.terminal_notifier': Not used on non-Darwin systems
[1.834s] INFO:colcon.colcon_core.plugin_system:Skipping extension 'colcon_notification.desktop_notification.win32': Not used on non-Windows systems
[1.834s] INFO:colcon.colcon_notification.desktop_notification:Sending desktop notification using 'notify2'
[1.842s] DEBUG:colcon.colcon_core.event_reactor:joined thread
[1.842s] INFO:colcon.colcon_core.shell:Creating prefix script '/home/ubuntu/arm_ws/install/local_setup.ps1'
[1.843s] INFO:colcon.colcon_core.shell:Creating prefix util module '/home/ubuntu/arm_ws/install/_local_setup_util_ps1.py'
[1.845s] INFO:colcon.colcon_core.shell:Creating prefix chain script '/home/ubuntu/arm_ws/install/setup.ps1'
[1.845s] INFO:colcon.colcon_core.shell:Creating prefix script '/home/ubuntu/arm_ws/install/local_setup.sh'
[1.846s] INFO:colcon.colcon_core.shell:Creating prefix util module '/home/ubuntu/arm_ws/install/_local_setup_util_sh.py'
[1.846s] INFO:colcon.colcon_core.shell:Creating prefix chain script '/home/ubuntu/arm_ws/install/setup.sh'
[1.847s] INFO:colcon.colcon_core.shell:Creating prefix script '/home/ubuntu/arm_ws/install/local_setup.bash'
[1.848s] INFO:colcon.colcon_core.shell:Creating prefix chain script '/home/ubuntu/arm_ws/install/setup.bash'
[1.848s] INFO:colcon.colcon_core.shell:Creating prefix script '/home/ubuntu/arm_ws/install/local_setup.zsh'
[1.849s] INFO:colcon.colcon_core.shell:Creating prefix chain script '/home/ubuntu/arm_ws/install/setup.zsh'
