[6.943s] DEBUG:colcon:Command line arguments: ['/usr/bin/colcon', 'build']
[6.944s] DEBUG:colcon:Parsed command line arguments: Namespace(log_base=None, log_level=None, verb_name='build', build_base='build', install_base='install', merge_install=False, symlink_install=False, test_result_base=None, continue_on_error=False, executor='parallel', parallel_workers=16, event_handlers=None, ignore_user_meta=False, metas=['./colcon.meta'], base_paths=['.'], packages_ignore=None, packages_ignore_regex=None, paths=None, packages_up_to=None, packages_up_to_regex=None, packages_above=None, packages_above_and_dependencies=None, packages_above_depth=None, packages_select_by_dep=None, packages_skip_by_dep=None, packages_skip_up_to=None, packages_select_build_failed=False, packages_skip_build_finished=False, packages_select_test_failures=False, packages_skip_test_passed=False, packages_select=None, packages_skip=None, packages_select_regex=None, packages_skip_regex=None, packages_start=None, packages_end=None, allow_overriding=[], cmake_args=None, cmake_target=None, cmake_target_skip_unavailable=False, cmake_clean_cache=False, cmake_clean_first=False, cmake_force_configure=False, ament_cmake_args=None, catkin_cmake_args=None, catkin_skip_building_tests=False, mixin_files=None, mixin=None, verb_parser=<colcon_mixin.mixin.mixin_argument.MixinArgumentDecorator object at 0x7e690178cd30>, verb_extension=<colcon_core.verb.build.BuildVerb object at 0x7e690178c880>, main=<bound method BuildVerb.main of <colcon_core.verb.build.BuildVerb object at 0x7e690178c880>>, mixin_verb=('build',))
[9.032s] Level 1:colcon.colcon_core.package_discovery:discover_packages(colcon_meta) check parameters
[9.033s] Level 1:colcon.colcon_core.package_discovery:discover_packages(recursive) check parameters
[9.033s] Level 1:colcon.colcon_core.package_discovery:discover_packages(ignore) check parameters
[9.033s] Level 1:colcon.colcon_core.package_discovery:discover_packages(path) check parameters
[9.033s] Level 1:colcon.colcon_core.package_discovery:discover_packages(colcon_meta) discover
[9.033s] Level 1:colcon.colcon_core.package_discovery:discover_packages(recursive) discover
[9.033s] INFO:colcon.colcon_core.package_discovery:Crawling recursively for packages in '/home/ubuntu/arm_ws'
[9.033s] Level 1:colcon.colcon_core.package_identification:_identify(.) by extensions ['ignore', 'ignore_ament_install']
[9.033s] Level 1:colcon.colcon_core.package_identification:_identify(.) by extension 'ignore'
[9.033s] Level 1:colcon.colcon_core.package_identification:_identify(.) by extension 'ignore_ament_install'
[9.033s] Level 1:colcon.colcon_core.package_identification:_identify(.) by extensions ['colcon_pkg']
[9.033s] Level 1:colcon.colcon_core.package_identification:_identify(.) by extension 'colcon_pkg'
[9.033s] Level 1:colcon.colcon_core.package_identification:_identify(.) by extensions ['colcon_meta']
[9.033s] Level 1:colcon.colcon_core.package_identification:_identify(.) by extension 'colcon_meta'
[9.033s] Level 1:colcon.colcon_core.package_identification:_identify(.) by extensions ['ros']
[9.033s] Level 1:colcon.colcon_core.package_identification:_identify(.) by extension 'ros'
[9.180s] Level 1:colcon.colcon_core.package_identification:_identify(.) by extensions ['cmake', 'python']
[9.180s] Level 1:colcon.colcon_core.package_identification:_identify(.) by extension 'cmake'
[9.180s] Level 1:colcon.colcon_core.package_identification:_identify(.) by extension 'python'
[9.180s] Level 1:colcon.colcon_core.package_identification:_identify(.) by extensions ['python_setup_py']
[9.180s] Level 1:colcon.colcon_core.package_identification:_identify(.) by extension 'python_setup_py'
[9.180s] Level 1:colcon.colcon_core.package_identification:_identify(build) by extensions ['ignore', 'ignore_ament_install']
[9.180s] Level 1:colcon.colcon_core.package_identification:_identify(build) by extension 'ignore'
[9.180s] Level 1:colcon.colcon_core.package_identification:_identify(build) ignored
[9.180s] Level 1:colcon.colcon_core.package_identification:_identify(install) by extensions ['ignore', 'ignore_ament_install']
[9.181s] Level 1:colcon.colcon_core.package_identification:_identify(install) by extension 'ignore'
[9.181s] Level 1:colcon.colcon_core.package_identification:_identify(install) ignored
[9.181s] Level 1:colcon.colcon_core.package_identification:_identify(log) by extensions ['ignore', 'ignore_ament_install']
[9.181s] Level 1:colcon.colcon_core.package_identification:_identify(log) by extension 'ignore'
[9.181s] Level 1:colcon.colcon_core.package_identification:_identify(log) ignored
[9.181s] Level 1:colcon.colcon_core.package_identification:_identify(src) by extensions ['ignore', 'ignore_ament_install']
[9.181s] Level 1:colcon.colcon_core.package_identification:_identify(src) by extension 'ignore'
[9.181s] Level 1:colcon.colcon_core.package_identification:_identify(src) by extension 'ignore_ament_install'
[9.181s] Level 1:colcon.colcon_core.package_identification:_identify(src) by extensions ['colcon_pkg']
[9.181s] Level 1:colcon.colcon_core.package_identification:_identify(src) by extension 'colcon_pkg'
[9.181s] Level 1:colcon.colcon_core.package_identification:_identify(src) by extensions ['colcon_meta']
[9.181s] Level 1:colcon.colcon_core.package_identification:_identify(src) by extension 'colcon_meta'
[9.181s] Level 1:colcon.colcon_core.package_identification:_identify(src) by extensions ['ros']
[9.181s] Level 1:colcon.colcon_core.package_identification:_identify(src) by extension 'ros'
[9.181s] Level 1:colcon.colcon_core.package_identification:_identify(src) by extensions ['cmake', 'python']
[9.181s] Level 1:colcon.colcon_core.package_identification:_identify(src) by extension 'cmake'
[9.181s] Level 1:colcon.colcon_core.package_identification:_identify(src) by extension 'python'
[9.181s] Level 1:colcon.colcon_core.package_identification:_identify(src) by extensions ['python_setup_py']
[9.181s] Level 1:colcon.colcon_core.package_identification:_identify(src) by extension 'python_setup_py'
[9.182s] Level 1:colcon.colcon_core.package_identification:_identify(src/shabi) by extensions ['ignore', 'ignore_ament_install']
[9.182s] Level 1:colcon.colcon_core.package_identification:_identify(src/shabi) by extension 'ignore'
[9.182s] Level 1:colcon.colcon_core.package_identification:_identify(src/shabi) by extension 'ignore_ament_install'
[9.182s] Level 1:colcon.colcon_core.package_identification:_identify(src/shabi) by extensions ['colcon_pkg']
[9.182s] Level 1:colcon.colcon_core.package_identification:_identify(src/shabi) by extension 'colcon_pkg'
[9.182s] Level 1:colcon.colcon_core.package_identification:_identify(src/shabi) by extensions ['colcon_meta']
[9.182s] Level 1:colcon.colcon_core.package_identification:_identify(src/shabi) by extension 'colcon_meta'
[9.182s] Level 1:colcon.colcon_core.package_identification:_identify(src/shabi) by extensions ['ros']
[9.182s] Level 1:colcon.colcon_core.package_identification:_identify(src/shabi) by extension 'ros'
[9.270s] DEBUG:colcon.colcon_core.package_identification:Package 'src/shabi' with type 'ros.ament_cmake' and name 'shabi'
[9.270s] Level 1:colcon.colcon_core.package_identification:_identify(src/shabi_ws) by extensions ['ignore', 'ignore_ament_install']
[9.270s] Level 1:colcon.colcon_core.package_identification:_identify(src/shabi_ws) by extension 'ignore'
[9.270s] Level 1:colcon.colcon_core.package_identification:_identify(src/shabi_ws) by extension 'ignore_ament_install'
[9.270s] Level 1:colcon.colcon_core.package_identification:_identify(src/shabi_ws) by extensions ['colcon_pkg']
[9.270s] Level 1:colcon.colcon_core.package_identification:_identify(src/shabi_ws) by extension 'colcon_pkg'
[9.270s] Level 1:colcon.colcon_core.package_identification:_identify(src/shabi_ws) by extensions ['colcon_meta']
[9.270s] Level 1:colcon.colcon_core.package_identification:_identify(src/shabi_ws) by extension 'colcon_meta'
[9.271s] Level 1:colcon.colcon_core.package_identification:_identify(src/shabi_ws) by extensions ['ros']
[9.271s] Level 1:colcon.colcon_core.package_identification:_identify(src/shabi_ws) by extension 'ros'
[9.296s] DEBUG:colcon.colcon_core.package_identification:Package 'src/shabi_ws' with type 'ros.ament_cmake' and name 'shabi_ws'
[9.296s] Level 1:colcon.colcon_core.package_discovery:discover_packages(recursive) using defaults
[9.296s] Level 1:colcon.colcon_core.package_discovery:discover_packages(ignore) discover
[9.296s] Level 1:colcon.colcon_core.package_discovery:discover_packages(ignore) using defaults
[9.296s] Level 1:colcon.colcon_core.package_discovery:discover_packages(path) discover
[9.296s] Level 1:colcon.colcon_core.package_discovery:discover_packages(path) using defaults
[10.090s] Level 1:colcon.colcon_core.package_discovery:discover_packages(prefix_path) check parameters
[10.090s] Level 1:colcon.colcon_core.package_discovery:discover_packages(prefix_path) discover
[10.171s] DEBUG:colcon.colcon_installed_package_information.package_discovery:Found 487 installed packages in /opt/ros/humble
[10.174s] Level 1:colcon.colcon_core.package_discovery:discover_packages(prefix_path) using defaults
[10.352s] Level 5:colcon.colcon_core.verb:set package 'shabi' build argument 'cmake_args' from command line to 'None'
[10.352s] Level 5:colcon.colcon_core.verb:set package 'shabi' build argument 'cmake_target' from command line to 'None'
[10.352s] Level 5:colcon.colcon_core.verb:set package 'shabi' build argument 'cmake_target_skip_unavailable' from command line to 'False'
[10.352s] Level 5:colcon.colcon_core.verb:set package 'shabi' build argument 'cmake_clean_cache' from command line to 'False'
[10.352s] Level 5:colcon.colcon_core.verb:set package 'shabi' build argument 'cmake_clean_first' from command line to 'False'
[10.352s] Level 5:colcon.colcon_core.verb:set package 'shabi' build argument 'cmake_force_configure' from command line to 'False'
[10.352s] Level 5:colcon.colcon_core.verb:set package 'shabi' build argument 'ament_cmake_args' from command line to 'None'
[10.352s] Level 5:colcon.colcon_core.verb:set package 'shabi' build argument 'catkin_cmake_args' from command line to 'None'
[10.352s] Level 5:colcon.colcon_core.verb:set package 'shabi' build argument 'catkin_skip_building_tests' from command line to 'False'
[10.352s] DEBUG:colcon.colcon_core.verb:Building package 'shabi' with the following arguments: {'ament_cmake_args': None, 'build_base': '/home/ubuntu/arm_ws/build/shabi', 'catkin_cmake_args': None, 'catkin_skip_building_tests': False, 'cmake_args': None, 'cmake_clean_cache': False, 'cmake_clean_first': False, 'cmake_force_configure': False, 'cmake_target': None, 'cmake_target_skip_unavailable': False, 'install_base': '/home/ubuntu/arm_ws/install/shabi', 'merge_install': False, 'path': '/home/ubuntu/arm_ws/src/shabi', 'symlink_install': False, 'test_result_base': None}
[10.352s] Level 5:colcon.colcon_core.verb:set package 'shabi_ws' build argument 'cmake_args' from command line to 'None'
[10.353s] Level 5:colcon.colcon_core.verb:set package 'shabi_ws' build argument 'cmake_target' from command line to 'None'
[10.353s] Level 5:colcon.colcon_core.verb:set package 'shabi_ws' build argument 'cmake_target_skip_unavailable' from command line to 'False'
[10.353s] Level 5:colcon.colcon_core.verb:set package 'shabi_ws' build argument 'cmake_clean_cache' from command line to 'False'
[10.353s] Level 5:colcon.colcon_core.verb:set package 'shabi_ws' build argument 'cmake_clean_first' from command line to 'False'
[10.353s] Level 5:colcon.colcon_core.verb:set package 'shabi_ws' build argument 'cmake_force_configure' from command line to 'False'
[10.353s] Level 5:colcon.colcon_core.verb:set package 'shabi_ws' build argument 'ament_cmake_args' from command line to 'None'
[10.353s] Level 5:colcon.colcon_core.verb:set package 'shabi_ws' build argument 'catkin_cmake_args' from command line to 'None'
[10.353s] Level 5:colcon.colcon_core.verb:set package 'shabi_ws' build argument 'catkin_skip_building_tests' from command line to 'False'
[10.353s] DEBUG:colcon.colcon_core.verb:Building package 'shabi_ws' with the following arguments: {'ament_cmake_args': None, 'build_base': '/home/ubuntu/arm_ws/build/shabi_ws', 'catkin_cmake_args': None, 'catkin_skip_building_tests': False, 'cmake_args': None, 'cmake_clean_cache': False, 'cmake_clean_first': False, 'cmake_force_configure': False, 'cmake_target': None, 'cmake_target_skip_unavailable': False, 'install_base': '/home/ubuntu/arm_ws/install/shabi_ws', 'merge_install': False, 'path': '/home/ubuntu/arm_ws/src/shabi_ws', 'symlink_install': False, 'test_result_base': None}
[10.353s] INFO:colcon.colcon_core.executor:Executing jobs using 'parallel' executor
[10.354s] DEBUG:colcon.colcon_parallel_executor.executor.parallel:run_until_complete
[10.354s] INFO:colcon.colcon_ros.task.ament_cmake.build:Building ROS package in '/home/ubuntu/arm_ws/src/shabi' with build type 'ament_cmake'
[10.354s] INFO:colcon.colcon_cmake.task.cmake.build:Building CMake package in '/home/ubuntu/arm_ws/src/shabi'
[10.496s] INFO:colcon.colcon_core.plugin_system:Skipping extension 'colcon_core.shell.bat': Not used on non-Windows systems
[10.496s] INFO:colcon.colcon_core.shell:Skip shell extension 'powershell' for command environment: Not usable outside of PowerShell
[10.496s] DEBUG:colcon.colcon_core.shell:Skip shell extension 'dsv' for command environment
[10.651s] DEBUG:colcon.colcon_core.event_handler.log_command:Invoking command in '/home/ubuntu/arm_ws/build/shabi': CMAKE_PREFIX_PATH=/opt/ros/humble CONDA_PROMPT_MODIFIER=(base) /usr/bin/cmake --build /home/ubuntu/arm_ws/build/shabi -- -j16 -l16
[11.851s] DEBUG:colcon.colcon_core.event_handler.log_command:Invoked command in '/home/ubuntu/arm_ws/build/shabi' returned '0': CMAKE_PREFIX_PATH=/opt/ros/humble CONDA_PROMPT_MODIFIER=(base) /usr/bin/cmake --build /home/ubuntu/arm_ws/build/shabi -- -j16 -l16
[11.893s] DEBUG:colcon.colcon_core.event_handler.log_command:Invoking command in '/home/ubuntu/arm_ws/build/shabi': CMAKE_PREFIX_PATH=/opt/ros/humble CONDA_PROMPT_MODIFIER=(base) /usr/bin/cmake --install /home/ubuntu/arm_ws/build/shabi
[12.033s] Level 1:colcon.colcon_core.environment:create_environment_scripts_only(shabi)
[12.034s] DEBUG:colcon.colcon_core.event_handler.log_command:Invoked command in '/home/ubuntu/arm_ws/build/shabi' returned '0': CMAKE_PREFIX_PATH=/opt/ros/humble CONDA_PROMPT_MODIFIER=(base) /usr/bin/cmake --install /home/ubuntu/arm_ws/build/shabi
[12.210s] Level 1:colcon.colcon_core.environment:checking '/home/ubuntu/arm_ws/install/shabi' for CMake module files
[12.211s] Level 1:colcon.colcon_core.environment:checking '/home/ubuntu/arm_ws/install/shabi' for CMake config files
[12.222s] Level 1:colcon.colcon_core.shell:create_environment_hook('shabi', 'cmake_prefix_path')
[12.223s] INFO:colcon.colcon_core.shell:Creating environment hook '/home/ubuntu/arm_ws/install/shabi/share/shabi/hook/cmake_prefix_path.ps1'
[12.257s] INFO:colcon.colcon_core.shell:Creating environment descriptor '/home/ubuntu/arm_ws/install/shabi/share/shabi/hook/cmake_prefix_path.dsv'
[12.283s] INFO:colcon.colcon_core.shell:Creating environment hook '/home/ubuntu/arm_ws/install/shabi/share/shabi/hook/cmake_prefix_path.sh'
[12.295s] Level 1:colcon.colcon_core.environment:checking '/home/ubuntu/arm_ws/install/shabi/bin'
[12.295s] Level 1:colcon.colcon_core.environment:checking '/home/ubuntu/arm_ws/install/shabi/lib/pkgconfig/shabi.pc'
[12.296s] Level 1:colcon.colcon_core.environment:checking '/home/ubuntu/arm_ws/install/shabi/lib/python3.10/site-packages'
[12.296s] Level 1:colcon.colcon_core.environment:checking '/home/ubuntu/arm_ws/install/shabi/bin'
[12.296s] INFO:colcon.colcon_core.shell:Creating package script '/home/ubuntu/arm_ws/install/shabi/share/shabi/package.ps1'
[12.307s] INFO:colcon.colcon_core.shell:Creating package descriptor '/home/ubuntu/arm_ws/install/shabi/share/shabi/package.dsv'
[12.318s] INFO:colcon.colcon_core.shell:Creating package script '/home/ubuntu/arm_ws/install/shabi/share/shabi/package.sh'
[12.330s] INFO:colcon.colcon_core.shell:Creating package script '/home/ubuntu/arm_ws/install/shabi/share/shabi/package.bash'
[12.404s] INFO:colcon.colcon_core.shell:Creating package script '/home/ubuntu/arm_ws/install/shabi/share/shabi/package.zsh'
[12.438s] Level 1:colcon.colcon_core.environment:create_file_with_runtime_dependencies(/home/ubuntu/arm_ws/install/shabi/share/colcon-core/packages/shabi)
[12.439s] Level 1:colcon.colcon_core.environment:create_environment_scripts_only(shabi)
[12.439s] Level 1:colcon.colcon_core.environment:checking '/home/ubuntu/arm_ws/install/shabi' for CMake module files
[12.440s] Level 1:colcon.colcon_core.environment:checking '/home/ubuntu/arm_ws/install/shabi' for CMake config files
[12.440s] Level 1:colcon.colcon_core.shell:create_environment_hook('shabi', 'cmake_prefix_path')
[12.440s] INFO:colcon.colcon_core.shell:Creating environment hook '/home/ubuntu/arm_ws/install/shabi/share/shabi/hook/cmake_prefix_path.ps1'
[12.441s] INFO:colcon.colcon_core.shell:Creating environment descriptor '/home/ubuntu/arm_ws/install/shabi/share/shabi/hook/cmake_prefix_path.dsv'
[12.441s] INFO:colcon.colcon_core.shell:Creating environment hook '/home/ubuntu/arm_ws/install/shabi/share/shabi/hook/cmake_prefix_path.sh'
[12.442s] Level 1:colcon.colcon_core.environment:checking '/home/ubuntu/arm_ws/install/shabi/bin'
[12.442s] Level 1:colcon.colcon_core.environment:checking '/home/ubuntu/arm_ws/install/shabi/lib/pkgconfig/shabi.pc'
[12.442s] Level 1:colcon.colcon_core.environment:checking '/home/ubuntu/arm_ws/install/shabi/lib/python3.10/site-packages'
[12.442s] Level 1:colcon.colcon_core.environment:checking '/home/ubuntu/arm_ws/install/shabi/bin'
[12.443s] INFO:colcon.colcon_core.shell:Creating package script '/home/ubuntu/arm_ws/install/shabi/share/shabi/package.ps1'
[12.443s] INFO:colcon.colcon_core.shell:Creating package descriptor '/home/ubuntu/arm_ws/install/shabi/share/shabi/package.dsv'
[12.450s] INFO:colcon.colcon_core.shell:Creating package script '/home/ubuntu/arm_ws/install/shabi/share/shabi/package.sh'
[12.451s] INFO:colcon.colcon_core.shell:Creating package script '/home/ubuntu/arm_ws/install/shabi/share/shabi/package.bash'
[12.451s] INFO:colcon.colcon_core.shell:Creating package script '/home/ubuntu/arm_ws/install/shabi/share/shabi/package.zsh'
[12.452s] Level 1:colcon.colcon_core.environment:create_file_with_runtime_dependencies(/home/ubuntu/arm_ws/install/shabi/share/colcon-core/packages/shabi)
[12.452s] INFO:colcon.colcon_ros.task.ament_cmake.build:Building ROS package in '/home/ubuntu/arm_ws/src/shabi_ws' with build type 'ament_cmake'
[12.452s] INFO:colcon.colcon_cmake.task.cmake.build:Building CMake package in '/home/ubuntu/arm_ws/src/shabi_ws'
[12.452s] INFO:colcon.colcon_core.shell:Skip shell extension 'powershell' for command environment: Not usable outside of PowerShell
[12.452s] DEBUG:colcon.colcon_core.shell:Skip shell extension 'dsv' for command environment
[12.573s] DEBUG:colcon.colcon_core.event_handler.log_command:Invoking command in '/home/ubuntu/arm_ws/build/shabi_ws': AMENT_PREFIX_PATH=/home/ubuntu/arm_ws/install/shabi:${AMENT_PREFIX_PATH} CMAKE_PREFIX_PATH=/home/ubuntu/arm_ws/install/shabi:/opt/ros/humble CONDA_PROMPT_MODIFIER=(base) /usr/bin/cmake --build /home/ubuntu/arm_ws/build/shabi_ws -- -j16 -l16
[12.740s] DEBUG:colcon.colcon_core.event_handler.log_command:Invoked command in '/home/ubuntu/arm_ws/build/shabi_ws' returned '0': AMENT_PREFIX_PATH=/home/ubuntu/arm_ws/install/shabi:${AMENT_PREFIX_PATH} CMAKE_PREFIX_PATH=/home/ubuntu/arm_ws/install/shabi:/opt/ros/humble CONDA_PROMPT_MODIFIER=(base) /usr/bin/cmake --build /home/ubuntu/arm_ws/build/shabi_ws -- -j16 -l16
[12.796s] DEBUG:colcon.colcon_core.event_handler.log_command:Invoking command in '/home/ubuntu/arm_ws/build/shabi_ws': AMENT_PREFIX_PATH=/home/ubuntu/arm_ws/install/shabi:${AMENT_PREFIX_PATH} CMAKE_PREFIX_PATH=/home/ubuntu/arm_ws/install/shabi:/opt/ros/humble CONDA_PROMPT_MODIFIER=(base) /usr/bin/cmake --install /home/ubuntu/arm_ws/build/shabi_ws
[12.889s] Level 1:colcon.colcon_core.environment:create_environment_scripts_only(shabi_ws)
[12.889s] Level 1:colcon.colcon_core.environment:checking '/home/ubuntu/arm_ws/install/shabi_ws' for CMake module files
[12.890s] DEBUG:colcon.colcon_core.event_handler.log_command:Invoked command in '/home/ubuntu/arm_ws/build/shabi_ws' returned '0': AMENT_PREFIX_PATH=/home/ubuntu/arm_ws/install/shabi:${AMENT_PREFIX_PATH} CMAKE_PREFIX_PATH=/home/ubuntu/arm_ws/install/shabi:/opt/ros/humble CONDA_PROMPT_MODIFIER=(base) /usr/bin/cmake --install /home/ubuntu/arm_ws/build/shabi_ws
[12.890s] Level 1:colcon.colcon_core.environment:checking '/home/ubuntu/arm_ws/install/shabi_ws' for CMake config files
[12.897s] Level 1:colcon.colcon_core.shell:create_environment_hook('shabi_ws', 'cmake_prefix_path')
[12.897s] INFO:colcon.colcon_core.shell:Creating environment hook '/home/ubuntu/arm_ws/install/shabi_ws/share/shabi_ws/hook/cmake_prefix_path.ps1'
[12.908s] INFO:colcon.colcon_core.shell:Creating environment descriptor '/home/ubuntu/arm_ws/install/shabi_ws/share/shabi_ws/hook/cmake_prefix_path.dsv'
[12.909s] INFO:colcon.colcon_core.shell:Creating environment hook '/home/ubuntu/arm_ws/install/shabi_ws/share/shabi_ws/hook/cmake_prefix_path.sh'
[12.910s] Level 1:colcon.colcon_core.environment:checking '/home/ubuntu/arm_ws/install/shabi_ws/bin'
[12.910s] Level 1:colcon.colcon_core.environment:checking '/home/ubuntu/arm_ws/install/shabi_ws/lib/pkgconfig/shabi_ws.pc'
[12.910s] Level 1:colcon.colcon_core.environment:checking '/home/ubuntu/arm_ws/install/shabi_ws/lib/python3.10/site-packages'
[12.910s] Level 1:colcon.colcon_core.environment:checking '/home/ubuntu/arm_ws/install/shabi_ws/bin'
[12.911s] INFO:colcon.colcon_core.shell:Creating package script '/home/ubuntu/arm_ws/install/shabi_ws/share/shabi_ws/package.ps1'
[12.911s] INFO:colcon.colcon_core.shell:Creating package descriptor '/home/ubuntu/arm_ws/install/shabi_ws/share/shabi_ws/package.dsv'
[12.911s] INFO:colcon.colcon_core.shell:Creating package script '/home/ubuntu/arm_ws/install/shabi_ws/share/shabi_ws/package.sh'
[12.912s] INFO:colcon.colcon_core.shell:Creating package script '/home/ubuntu/arm_ws/install/shabi_ws/share/shabi_ws/package.bash'
[12.912s] INFO:colcon.colcon_core.shell:Creating package script '/home/ubuntu/arm_ws/install/shabi_ws/share/shabi_ws/package.zsh'
[12.921s] Level 1:colcon.colcon_core.environment:create_file_with_runtime_dependencies(/home/ubuntu/arm_ws/install/shabi_ws/share/colcon-core/packages/shabi_ws)
[12.922s] Level 1:colcon.colcon_core.environment:create_environment_scripts_only(shabi_ws)
[12.922s] Level 1:colcon.colcon_core.environment:checking '/home/ubuntu/arm_ws/install/shabi_ws' for CMake module files
[12.923s] Level 1:colcon.colcon_core.environment:checking '/home/ubuntu/arm_ws/install/shabi_ws' for CMake config files
[12.923s] Level 1:colcon.colcon_core.shell:create_environment_hook('shabi_ws', 'cmake_prefix_path')
[12.923s] INFO:colcon.colcon_core.shell:Creating environment hook '/home/ubuntu/arm_ws/install/shabi_ws/share/shabi_ws/hook/cmake_prefix_path.ps1'
[12.923s] INFO:colcon.colcon_core.shell:Creating environment descriptor '/home/ubuntu/arm_ws/install/shabi_ws/share/shabi_ws/hook/cmake_prefix_path.dsv'
[12.924s] INFO:colcon.colcon_core.shell:Creating environment hook '/home/ubuntu/arm_ws/install/shabi_ws/share/shabi_ws/hook/cmake_prefix_path.sh'
[12.924s] Level 1:colcon.colcon_core.environment:checking '/home/ubuntu/arm_ws/install/shabi_ws/bin'
[12.924s] Level 1:colcon.colcon_core.environment:checking '/home/ubuntu/arm_ws/install/shabi_ws/lib/pkgconfig/shabi_ws.pc'
[12.925s] Level 1:colcon.colcon_core.environment:checking '/home/ubuntu/arm_ws/install/shabi_ws/lib/python3.10/site-packages'
[12.925s] Level 1:colcon.colcon_core.environment:checking '/home/ubuntu/arm_ws/install/shabi_ws/bin'
[12.925s] INFO:colcon.colcon_core.shell:Creating package script '/home/ubuntu/arm_ws/install/shabi_ws/share/shabi_ws/package.ps1'
[12.926s] INFO:colcon.colcon_core.shell:Creating package descriptor '/home/ubuntu/arm_ws/install/shabi_ws/share/shabi_ws/package.dsv'
[12.926s] INFO:colcon.colcon_core.shell:Creating package script '/home/ubuntu/arm_ws/install/shabi_ws/share/shabi_ws/package.sh'
[12.927s] INFO:colcon.colcon_core.shell:Creating package script '/home/ubuntu/arm_ws/install/shabi_ws/share/shabi_ws/package.bash'
[12.935s] INFO:colcon.colcon_core.shell:Creating package script '/home/ubuntu/arm_ws/install/shabi_ws/share/shabi_ws/package.zsh'
[12.936s] Level 1:colcon.colcon_core.environment:create_file_with_runtime_dependencies(/home/ubuntu/arm_ws/install/shabi_ws/share/colcon-core/packages/shabi_ws)
[12.937s] DEBUG:colcon.colcon_parallel_executor.executor.parallel:closing loop
[12.937s] DEBUG:colcon.colcon_parallel_executor.executor.parallel:loop closed
[12.937s] DEBUG:colcon.colcon_parallel_executor.executor.parallel:run_until_complete finished with '0'
[12.937s] DEBUG:colcon.colcon_core.event_reactor:joining thread
[13.051s] INFO:colcon.colcon_core.plugin_system:Skipping extension 'colcon_notification.desktop_notification.terminal_notifier': Not used on non-Darwin systems
[13.051s] INFO:colcon.colcon_core.plugin_system:Skipping extension 'colcon_notification.desktop_notification.win32': Not used on non-Windows systems
[13.051s] INFO:colcon.colcon_notification.desktop_notification:Sending desktop notification using 'notify2'
[13.077s] DEBUG:colcon.colcon_core.event_reactor:joined thread
[13.078s] INFO:colcon.colcon_core.shell:Creating prefix script '/home/ubuntu/arm_ws/install/local_setup.ps1'
[13.114s] INFO:colcon.colcon_core.shell:Creating prefix util module '/home/ubuntu/arm_ws/install/_local_setup_util_ps1.py'
[13.197s] INFO:colcon.colcon_core.shell:Creating prefix chain script '/home/ubuntu/arm_ws/install/setup.ps1'
[13.209s] INFO:colcon.colcon_core.shell:Creating prefix script '/home/ubuntu/arm_ws/install/local_setup.sh'
[13.221s] INFO:colcon.colcon_core.shell:Creating prefix util module '/home/ubuntu/arm_ws/install/_local_setup_util_sh.py'
[13.222s] INFO:colcon.colcon_core.shell:Creating prefix chain script '/home/ubuntu/arm_ws/install/setup.sh'
[13.234s] INFO:colcon.colcon_core.shell:Creating prefix script '/home/ubuntu/arm_ws/install/local_setup.bash'
[13.282s] INFO:colcon.colcon_core.shell:Creating prefix chain script '/home/ubuntu/arm_ws/install/setup.bash'
[13.293s] INFO:colcon.colcon_core.shell:Creating prefix script '/home/ubuntu/arm_ws/install/local_setup.zsh'
[13.327s] INFO:colcon.colcon_core.shell:Creating prefix chain script '/home/ubuntu/arm_ws/install/setup.zsh'
