[0.008s] Invoking command in '/home/ubuntu/arm_ws/build/shabi_ws': CMAKE_PREFIX_PATH=/home/ubuntu/arm_ws/install/shabi:/home/ubuntu/arm_ws/install/shabi_ws:/opt/ros/humble /usr/bin/cmake --build /home/ubuntu/arm_ws/build/shabi_ws -- -j16 -l16
[0.154s] -- Found ament_cmake: 1.3.12 (/opt/ros/humble/share/ament_cmake/cmake)
[0.298s] [31mCMake Error at CMakeLists.txt:12 (find_package):
[0.298s]   By not providing "Findgazebo_ros.cmake" in CMAKE_MODULE_PATH this project
[0.298s]   has asked CMake to find a package configuration file provided by
[0.298s]   "gazebo_ros", but CMake did not find one.
[0.298s] 
[0.298s]   Could not find a package configuration file provided by "gazebo_ros" with
[0.298s]   any of the following names:
[0.298s] 
[0.299s]     gazebo_rosConfig.cmake
[0.299s]     gazebo_ros-config.cmake
[0.299s] 
[0.299s]   Add the installation prefix of "gazebo_ros" to CMAKE_PREFIX_PATH or set
[0.299s]   "gazebo_ros_DIR" to a directory containing one of the above files.  If
[0.299s]   "gazebo_ros" provides a separate development package or SDK, be sure it has
[0.299s]   been installed.
[0.299s] 
[0.299s] [0m
[0.299s] -- Configuring incomplete, errors occurred!
[0.299s] See also "/home/ubuntu/arm_ws/build/shabi_ws/CMakeFiles/CMakeOutput.log".
[0.300s] gmake: *** [Makefile:226：cmake_check_build_system] 错误 1
[0.302s] Invoked command in '/home/ubuntu/arm_ws/build/shabi_ws' returned '2': CMAKE_PREFIX_PATH=/home/ubuntu/arm_ws/install/shabi:/home/ubuntu/arm_ws/install/shabi_ws:/opt/ros/humble /usr/bin/cmake --build /home/ubuntu/arm_ws/build/shabi_ws -- -j16 -l16
