[0.010s] Invoking command in '/home/ubuntu/arm_ws/build/shabi': CMAKE_PREFIX_PATH=${CMAKE_PREFIX_PATH}:/opt/ros/humble /usr/bin/cmake --build /home/ubuntu/arm_ws/build/shabi -- -j16 -l16
[0.046s] Invoked command in '/home/ubuntu/arm_ws/build/shabi' returned '0': CMAKE_PREFIX_PATH=${CMAKE_PREFIX_PATH}:/opt/ros/humble /usr/bin/cmake --build /home/ubuntu/arm_ws/build/shabi -- -j16 -l16
[0.056s] Invoking command in '/home/ubuntu/arm_ws/build/shabi': CMAKE_PREFIX_PATH=${CMAKE_PREFIX_PATH}:/opt/ros/humble /usr/bin/cmake --install /home/ubuntu/arm_ws/build/shabi
[0.063s] -- Install configuration: ""
[0.063s] -- Up-to-date: /home/ubuntu/arm_ws/install/shabi/share/shabi/urdf
[0.063s] -- Up-to-date: /home/ubuntu/arm_ws/install/shabi/share/shabi/urdf/shabi.urdf
[0.063s] -- Up-to-date: /home/ubuntu/arm_ws/install/shabi/share/shabi/urdf/shabi.csv
[0.063s] -- Up-to-date: /home/ubuntu/arm_ws/install/shabi/share/shabi/launch
[0.063s] -- Up-to-date: /home/ubuntu/arm_ws/install/shabi/share/shabi/launch/gazebo.launch
[0.063s] -- Up-to-date: /home/ubuntu/arm_ws/install/shabi/share/shabi/launch/display.launch
[0.063s] -- Up-to-date: /home/ubuntu/arm_ws/install/shabi/share/shabi/meshes
[0.063s] -- Up-to-date: /home/ubuntu/arm_ws/install/shabi/share/shabi/meshes/base_link.STL
[0.063s] -- Up-to-date: /home/ubuntu/arm_ws/install/shabi/share/shabi/meshes/link1.STL
[0.063s] -- Up-to-date: /home/ubuntu/arm_ws/install/shabi/share/shabi/meshes/link2.STL
[0.063s] -- Up-to-date: /home/ubuntu/arm_ws/install/shabi/share/shabi/meshes/link3.STL
[0.063s] -- Up-to-date: /home/ubuntu/arm_ws/install/shabi/share/shabi/meshes/link6.STL
[0.063s] -- Up-to-date: /home/ubuntu/arm_ws/install/shabi/share/shabi/meshes/link4.STL
[0.064s] -- Up-to-date: /home/ubuntu/arm_ws/install/shabi/share/shabi/meshes/link5.STL
[0.064s] -- Up-to-date: /home/ubuntu/arm_ws/install/shabi/share/shabi/config
[0.064s] -- Up-to-date: /home/ubuntu/arm_ws/install/shabi/share/shabi/config/joint_names_shabi.yaml
[0.064s] -- Up-to-date: /home/ubuntu/arm_ws/install/shabi/share/ament_index/resource_index/package_run_dependencies/shabi
[0.064s] -- Up-to-date: /home/ubuntu/arm_ws/install/shabi/share/ament_index/resource_index/parent_prefix_path/shabi
[0.064s] -- Up-to-date: /home/ubuntu/arm_ws/install/shabi/share/shabi/environment/ament_prefix_path.sh
[0.064s] -- Up-to-date: /home/ubuntu/arm_ws/install/shabi/share/shabi/environment/ament_prefix_path.dsv
[0.064s] -- Up-to-date: /home/ubuntu/arm_ws/install/shabi/share/shabi/environment/path.sh
[0.064s] -- Up-to-date: /home/ubuntu/arm_ws/install/shabi/share/shabi/environment/path.dsv
[0.064s] -- Up-to-date: /home/ubuntu/arm_ws/install/shabi/share/shabi/local_setup.bash
[0.064s] -- Up-to-date: /home/ubuntu/arm_ws/install/shabi/share/shabi/local_setup.sh
[0.064s] -- Up-to-date: /home/ubuntu/arm_ws/install/shabi/share/shabi/local_setup.zsh
[0.064s] -- Up-to-date: /home/ubuntu/arm_ws/install/shabi/share/shabi/local_setup.dsv
[0.064s] -- Installing: /home/ubuntu/arm_ws/install/shabi/share/shabi/package.dsv
[0.064s] -- Up-to-date: /home/ubuntu/arm_ws/install/shabi/share/ament_index/resource_index/packages/shabi
[0.064s] -- Up-to-date: /home/ubuntu/arm_ws/install/shabi/share/shabi/cmake/shabiConfig.cmake
[0.064s] -- Up-to-date: /home/ubuntu/arm_ws/install/shabi/share/shabi/cmake/shabiConfig-version.cmake
[0.064s] -- Up-to-date: /home/ubuntu/arm_ws/install/shabi/share/shabi/package.xml
[0.065s] Invoked command in '/home/ubuntu/arm_ws/build/shabi' returned '0': CMAKE_PREFIX_PATH=${CMAKE_PREFIX_PATH}:/opt/ros/humble /usr/bin/cmake --install /home/ubuntu/arm_ws/build/shabi
