[0.009s] Invoking command in '/home/ubuntu/arm_ws/build/shabi': CMAKE_PREFIX_PATH=${CMAKE_PREFIX_PATH}:/opt/ros/humble /usr/bin/cmake /home/ubuntu/arm_ws/src/shabi -DCMAKE_INSTALL_PREFIX=/home/ubuntu/arm_ws/install/shabi
[0.060s] -- The C compiler identification is GNU 11.4.0
[0.108s] -- The CXX compiler identification is GNU 11.4.0
[0.115s] -- Detecting C compiler ABI info
[0.187s] -- Detecting C compiler ABI info - done
[0.192s] -- Check for working C compiler: /usr/bin/cc - skipped
[0.192s] -- Detecting C compile features
[0.192s] -- Detecting C compile features - done
[0.194s] -- Detecting CXX compiler ABI info
[0.270s] -- Detecting CXX compiler ABI info - done
[0.275s] -- Check for working CXX compiler: /usr/bin/c++ - skipped
[0.275s] -- Detecting CXX compile features
[0.276s] -- Detecting CXX compile features - done
[0.278s] -- Found ament_cmake: 1.3.12 (/opt/ros/humble/share/ament_cmake/cmake)
[0.578s] -- Found Python3: /usr/bin/python3 (found version "3.10.12") found components: Interpreter 
[0.700s] -- Configuring done
[0.702s] -- Generating done
[0.703s] -- Build files have been written to: /home/ubuntu/arm_ws/build/shabi
[0.707s] Invoked command in '/home/ubuntu/arm_ws/build/shabi' returned '0': CMAKE_PREFIX_PATH=${CMAKE_PREFIX_PATH}:/opt/ros/humble /usr/bin/cmake /home/ubuntu/arm_ws/src/shabi -DCMAKE_INSTALL_PREFIX=/home/ubuntu/arm_ws/install/shabi
[0.710s] Invoking command in '/home/ubuntu/arm_ws/build/shabi': CMAKE_PREFIX_PATH=${CMAKE_PREFIX_PATH}:/opt/ros/humble /usr/bin/cmake --build /home/ubuntu/arm_ws/build/shabi -- -j16 -l16
[0.745s] Invoked command in '/home/ubuntu/arm_ws/build/shabi' returned '0': CMAKE_PREFIX_PATH=${CMAKE_PREFIX_PATH}:/opt/ros/humble /usr/bin/cmake --build /home/ubuntu/arm_ws/build/shabi -- -j16 -l16
[0.754s] Invoking command in '/home/ubuntu/arm_ws/build/shabi': CMAKE_PREFIX_PATH=${CMAKE_PREFIX_PATH}:/opt/ros/humble /usr/bin/cmake --install /home/ubuntu/arm_ws/build/shabi
[0.760s] -- Install configuration: ""
[0.760s] -- Installing: /home/ubuntu/arm_ws/install/shabi/share/shabi/urdf
[0.760s] -- Installing: /home/ubuntu/arm_ws/install/shabi/share/shabi/urdf/shabi.urdf
[0.760s] -- Installing: /home/ubuntu/arm_ws/install/shabi/share/shabi/urdf/shabi.csv
[0.760s] -- Installing: /home/ubuntu/arm_ws/install/shabi/share/shabi/launch
[0.761s] -- Installing: /home/ubuntu/arm_ws/install/shabi/share/shabi/launch/gazebo.launch
[0.761s] -- Installing: /home/ubuntu/arm_ws/install/shabi/share/shabi/launch/display.launch
[0.761s] -- Installing: /home/ubuntu/arm_ws/install/shabi/share/shabi/meshes
[0.761s] -- Installing: /home/ubuntu/arm_ws/install/shabi/share/shabi/meshes/base_link.STL
[0.762s] -- Installing: /home/ubuntu/arm_ws/install/shabi/share/shabi/meshes/link1.STL
[0.767s] -- Installing: /home/ubuntu/arm_ws/install/shabi/share/shabi/meshes/link2.STL
[0.767s] -- Installing: /home/ubuntu/arm_ws/install/shabi/share/shabi/meshes/link3.STL
[0.788s] -- Installing: /home/ubuntu/arm_ws/install/shabi/share/shabi/meshes/link6.STL
[0.788s] -- Installing: /home/ubuntu/arm_ws/install/shabi/share/shabi/meshes/link4.STL
[0.790s] -- Installing: /home/ubuntu/arm_ws/install/shabi/share/shabi/meshes/link5.STL
[0.796s] -- Installing: /home/ubuntu/arm_ws/install/shabi/share/shabi/config
[0.796s] -- Installing: /home/ubuntu/arm_ws/install/shabi/share/shabi/config/joint_names_shabi.yaml
[0.796s] -- Installing: /home/ubuntu/arm_ws/install/shabi/share/ament_index/resource_index/package_run_dependencies/shabi
[0.796s] -- Installing: /home/ubuntu/arm_ws/install/shabi/share/ament_index/resource_index/parent_prefix_path/shabi
[0.796s] -- Installing: /home/ubuntu/arm_ws/install/shabi/share/shabi/environment/ament_prefix_path.sh
[0.797s] -- Installing: /home/ubuntu/arm_ws/install/shabi/share/shabi/environment/ament_prefix_path.dsv
[0.797s] -- Installing: /home/ubuntu/arm_ws/install/shabi/share/shabi/environment/path.sh
[0.797s] -- Installing: /home/ubuntu/arm_ws/install/shabi/share/shabi/environment/path.dsv
[0.797s] -- Installing: /home/ubuntu/arm_ws/install/shabi/share/shabi/local_setup.bash
[0.797s] -- Installing: /home/ubuntu/arm_ws/install/shabi/share/shabi/local_setup.sh
[0.797s] -- Installing: /home/ubuntu/arm_ws/install/shabi/share/shabi/local_setup.zsh
[0.797s] -- Installing: /home/ubuntu/arm_ws/install/shabi/share/shabi/local_setup.dsv
[0.797s] -- Installing: /home/ubuntu/arm_ws/install/shabi/share/shabi/package.dsv
[0.797s] -- Installing: /home/ubuntu/arm_ws/install/shabi/share/ament_index/resource_index/packages/shabi
[0.798s] -- Installing: /home/ubuntu/arm_ws/install/shabi/share/shabi/cmake/shabiConfig.cmake
[0.798s] -- Installing: /home/ubuntu/arm_ws/install/shabi/share/shabi/cmake/shabiConfig-version.cmake
[0.798s] -- Installing: /home/ubuntu/arm_ws/install/shabi/share/shabi/package.xml
[0.801s] Invoked command in '/home/ubuntu/arm_ws/build/shabi' returned '0': CMAKE_PREFIX_PATH=${CMAKE_PREFIX_PATH}:/opt/ros/humble /usr/bin/cmake --install /home/ubuntu/arm_ws/build/shabi
