[0.014s] Invoking command in '/home/ubuntu/arm_ws/build/shabi_ws': CMAKE_PREFIX_PATH=/home/ubuntu/arm_ws/install/shabi:/home/ubuntu/arm_ws/install/shabi_ws:/opt/ros/humble /usr/bin/cmake /home/ubuntu/arm_ws/src/shabi_ws -DCMAKE_INSTALL_PREFIX=/home/ubuntu/arm_ws/install/shabi_ws
[0.061s] -- The C compiler identification is GNU 11.4.0
[0.109s] -- The CXX compiler identification is GNU 11.4.0
[0.115s] -- Detecting C compiler ABI info
[0.187s] -- Detecting C compiler ABI info - done
[0.192s] -- Check for working C compiler: /usr/bin/cc - skipped
[0.192s] -- Detecting C compile features
[0.192s] -- Detecting C compile features - done
[0.194s] -- Detecting CXX compiler ABI info
[0.275s] -- Detecting CXX compiler ABI info - done
[0.281s] -- Check for working CXX compiler: /usr/bin/c++ - skipped
[0.281s] -- Detecting CXX compile features
[0.281s] -- Detecting CXX compile features - done
[0.283s] -- Found ament_cmake: 1.3.12 (/opt/ros/humble/share/ament_cmake/cmake)
[0.585s] -- Found Python3: /usr/bin/python3 (found version "3.10.12") found components: Interpreter 
[0.712s] -- Configuring done
[0.714s] -- Generating done
[0.716s] -- Build files have been written to: /home/ubuntu/arm_ws/build/shabi_ws
[0.720s] Invoked command in '/home/ubuntu/arm_ws/build/shabi_ws' returned '0': CMAKE_PREFIX_PATH=/home/ubuntu/arm_ws/install/shabi:/home/ubuntu/arm_ws/install/shabi_ws:/opt/ros/humble /usr/bin/cmake /home/ubuntu/arm_ws/src/shabi_ws -DCMAKE_INSTALL_PREFIX=/home/ubuntu/arm_ws/install/shabi_ws
[0.721s] Invoking command in '/home/ubuntu/arm_ws/build/shabi_ws': CMAKE_PREFIX_PATH=/home/ubuntu/arm_ws/install/shabi:/home/ubuntu/arm_ws/install/shabi_ws:/opt/ros/humble /usr/bin/cmake --build /home/ubuntu/arm_ws/build/shabi_ws -- -j16 -l16
[0.756s] Invoked command in '/home/ubuntu/arm_ws/build/shabi_ws' returned '0': CMAKE_PREFIX_PATH=/home/ubuntu/arm_ws/install/shabi:/home/ubuntu/arm_ws/install/shabi_ws:/opt/ros/humble /usr/bin/cmake --build /home/ubuntu/arm_ws/build/shabi_ws -- -j16 -l16
[0.757s] Invoking command in '/home/ubuntu/arm_ws/build/shabi_ws': CMAKE_PREFIX_PATH=/home/ubuntu/arm_ws/install/shabi:/home/ubuntu/arm_ws/install/shabi_ws:/opt/ros/humble /usr/bin/cmake --install /home/ubuntu/arm_ws/build/shabi_ws
[0.763s] -- Install configuration: ""
[0.764s] -- Installing: /home/ubuntu/arm_ws/install/shabi_ws/share/shabi_ws/launch
[0.764s] -- Installing: /home/ubuntu/arm_ws/install/shabi_ws/share/shabi_ws/launch/spawn_controllers.launch.py
[0.764s] -- Installing: /home/ubuntu/arm_ws/install/shabi_ws/share/shabi_ws/launch/setup_assistant.launch.py
[0.764s] -- Installing: /home/ubuntu/arm_ws/install/shabi_ws/share/shabi_ws/launch/static_virtual_joint_tfs.launch.py
[0.764s] -- Installing: /home/ubuntu/arm_ws/install/shabi_ws/share/shabi_ws/launch/move_group.launch.py
[0.764s] -- Installing: /home/ubuntu/arm_ws/install/shabi_ws/share/shabi_ws/launch/demo.launch.py
[0.764s] -- Installing: /home/ubuntu/arm_ws/install/shabi_ws/share/shabi_ws/launch/gazebo.launch.py
[0.764s] -- Installing: /home/ubuntu/arm_ws/install/shabi_ws/share/shabi_ws/launch/moveit_rviz.launch.py
[0.764s] -- Installing: /home/ubuntu/arm_ws/install/shabi_ws/share/shabi_ws/launch/warehouse_db.launch.py
[0.765s] -- Installing: /home/ubuntu/arm_ws/install/shabi_ws/share/shabi_ws/launch/rsp.launch.py
[0.765s] -- Installing: /home/ubuntu/arm_ws/install/shabi_ws/share/shabi_ws/meshes
[0.765s] -- Installing: /home/ubuntu/arm_ws/install/shabi_ws/share/shabi_ws/meshes/base_link.STL
[0.766s] -- Installing: /home/ubuntu/arm_ws/install/shabi_ws/share/shabi_ws/meshes/link1.STL
[0.771s] -- Installing: /home/ubuntu/arm_ws/install/shabi_ws/share/shabi_ws/meshes/link2.STL
[0.772s] -- Installing: /home/ubuntu/arm_ws/install/shabi_ws/share/shabi_ws/meshes/link3.STL
[0.793s] -- Installing: /home/ubuntu/arm_ws/install/shabi_ws/share/shabi_ws/meshes/link6.STL
[0.794s] -- Installing: /home/ubuntu/arm_ws/install/shabi_ws/share/shabi_ws/meshes/link4.STL
[0.795s] -- Installing: /home/ubuntu/arm_ws/install/shabi_ws/share/shabi_ws/meshes/link5.STL
[0.801s] -- Installing: /home/ubuntu/arm_ws/install/shabi_ws/share/shabi_ws/config
[0.801s] -- Installing: /home/ubuntu/arm_ws/install/shabi_ws/share/shabi_ws/config/joint_names_shabi.yaml
[0.801s] -- Installing: /home/ubuntu/arm_ws/install/shabi_ws/share/shabi_ws/config/moveit.rviz
[0.801s] -- Installing: /home/ubuntu/arm_ws/install/shabi_ws/share/shabi_ws/config/initial_positions.yaml
[0.801s] -- Installing: /home/ubuntu/arm_ws/install/shabi_ws/share/shabi_ws/config/ros2_controllers.yaml
[0.801s] -- Installing: /home/ubuntu/arm_ws/install/shabi_ws/share/shabi_ws/config/moveit_controllers.yaml
[0.801s] -- Installing: /home/ubuntu/arm_ws/install/shabi_ws/share/shabi_ws/config/pilz_cartesian_limits.yaml
[0.801s] -- Installing: /home/ubuntu/arm_ws/install/shabi_ws/share/shabi_ws/config/joint_limits.yaml
[0.801s] -- Installing: /home/ubuntu/arm_ws/install/shabi_ws/share/shabi_ws/config/shabi.srdf
[0.801s] -- Installing: /home/ubuntu/arm_ws/install/shabi_ws/share/shabi_ws/config/shabi.ros2_control.xacro
[0.802s] -- Installing: /home/ubuntu/arm_ws/install/shabi_ws/share/shabi_ws/config/kinematics.yaml
[0.802s] -- Installing: /home/ubuntu/arm_ws/install/shabi_ws/share/shabi_ws/config/shabi.urdf.xacro
[0.802s] -- Installing: /home/ubuntu/arm_ws/install/shabi_ws/share/shabi_ws/urdf
[0.802s] -- Installing: /home/ubuntu/arm_ws/install/shabi_ws/share/shabi_ws/urdf/shabi.urdf
[0.802s] -- Installing: /home/ubuntu/arm_ws/install/shabi_ws/share/shabi_ws/urdf/shabi.csv
[0.802s] -- Installing: /home/ubuntu/arm_ws/install/shabi_ws/share/shabi_ws/.setup_assistant
[0.802s] -- Installing: /home/ubuntu/arm_ws/install/shabi_ws/share/ament_index/resource_index/package_run_dependencies/shabi_ws
[0.802s] -- Installing: /home/ubuntu/arm_ws/install/shabi_ws/share/ament_index/resource_index/parent_prefix_path/shabi_ws
[0.803s] -- Installing: /home/ubuntu/arm_ws/install/shabi_ws/share/shabi_ws/environment/ament_prefix_path.sh
[0.803s] -- Installing: /home/ubuntu/arm_ws/install/shabi_ws/share/shabi_ws/environment/ament_prefix_path.dsv
[0.803s] -- Installing: /home/ubuntu/arm_ws/install/shabi_ws/share/shabi_ws/environment/path.sh
[0.803s] -- Installing: /home/ubuntu/arm_ws/install/shabi_ws/share/shabi_ws/environment/path.dsv
[0.803s] -- Installing: /home/ubuntu/arm_ws/install/shabi_ws/share/shabi_ws/local_setup.bash
[0.803s] -- Installing: /home/ubuntu/arm_ws/install/shabi_ws/share/shabi_ws/local_setup.sh
[0.803s] -- Installing: /home/ubuntu/arm_ws/install/shabi_ws/share/shabi_ws/local_setup.zsh
[0.803s] -- Installing: /home/ubuntu/arm_ws/install/shabi_ws/share/shabi_ws/local_setup.dsv
[0.803s] -- Installing: /home/ubuntu/arm_ws/install/shabi_ws/share/shabi_ws/package.dsv
[0.804s] -- Installing: /home/ubuntu/arm_ws/install/shabi_ws/share/ament_index/resource_index/packages/shabi_ws
[0.804s] -- Installing: /home/ubuntu/arm_ws/install/shabi_ws/share/shabi_ws/cmake/shabi_wsConfig.cmake
[0.804s] -- Installing: /home/ubuntu/arm_ws/install/shabi_ws/share/shabi_ws/cmake/shabi_wsConfig-version.cmake
[0.804s] -- Installing: /home/ubuntu/arm_ws/install/shabi_ws/share/shabi_ws/package.xml
[0.806s] Invoked command in '/home/ubuntu/arm_ws/build/shabi_ws' returned '0': CMAKE_PREFIX_PATH=/home/ubuntu/arm_ws/install/shabi:/home/ubuntu/arm_ws/install/shabi_ws:/opt/ros/humble /usr/bin/cmake --install /home/ubuntu/arm_ws/build/shabi_ws
