-- Install configuration: ""
-- Up-to-date: /home/ubuntu/arm_ws/install/shabi_ws/share/shabi_ws/launch
-- Up-to-date: /home/ubuntu/arm_ws/install/shabi_ws/share/shabi_ws/launch/spawn_controllers.launch.py
-- Up-to-date: /home/ubuntu/arm_ws/install/shabi_ws/share/shabi_ws/launch/setup_assistant.launch.py
-- Up-to-date: /home/ubuntu/arm_ws/install/shabi_ws/share/shabi_ws/launch/static_virtual_joint_tfs.launch.py
-- Up-to-date: /home/ubuntu/arm_ws/install/shabi_ws/share/shabi_ws/launch/move_group.launch.py
-- Up-to-date: /home/ubuntu/arm_ws/install/shabi_ws/share/shabi_ws/launch/demo.launch.py
-- Up-to-date: /home/ubuntu/arm_ws/install/shabi_ws/share/shabi_ws/launch/gazebo.launch.py
-- Up-to-date: /home/ubuntu/arm_ws/install/shabi_ws/share/shabi_ws/launch/moveit_rviz.launch.py
-- Up-to-date: /home/ubuntu/arm_ws/install/shabi_ws/share/shabi_ws/launch/warehouse_db.launch.py
-- Up-to-date: /home/ubuntu/arm_ws/install/shabi_ws/share/shabi_ws/launch/rsp.launch.py
-- Up-to-date: /home/ubuntu/arm_ws/install/shabi_ws/share/shabi_ws/meshes
-- Up-to-date: /home/ubuntu/arm_ws/install/shabi_ws/share/shabi_ws/meshes/base_link.STL
-- Up-to-date: /home/ubuntu/arm_ws/install/shabi_ws/share/shabi_ws/meshes/link1.STL
-- Up-to-date: /home/ubuntu/arm_ws/install/shabi_ws/share/shabi_ws/meshes/link2.STL
-- Up-to-date: /home/ubuntu/arm_ws/install/shabi_ws/share/shabi_ws/meshes/link3.STL
-- Up-to-date: /home/ubuntu/arm_ws/install/shabi_ws/share/shabi_ws/meshes/link6.STL
-- Up-to-date: /home/ubuntu/arm_ws/install/shabi_ws/share/shabi_ws/meshes/link4.STL
-- Up-to-date: /home/ubuntu/arm_ws/install/shabi_ws/share/shabi_ws/meshes/link5.STL
-- Up-to-date: /home/ubuntu/arm_ws/install/shabi_ws/share/shabi_ws/config
-- Up-to-date: /home/ubuntu/arm_ws/install/shabi_ws/share/shabi_ws/config/joint_names_shabi.yaml
-- Up-to-date: /home/ubuntu/arm_ws/install/shabi_ws/share/shabi_ws/config/moveit.rviz
-- Up-to-date: /home/ubuntu/arm_ws/install/shabi_ws/share/shabi_ws/config/initial_positions.yaml
-- Up-to-date: /home/ubuntu/arm_ws/install/shabi_ws/share/shabi_ws/config/ros2_controllers.yaml
-- Up-to-date: /home/ubuntu/arm_ws/install/shabi_ws/share/shabi_ws/config/moveit_controllers.yaml
-- Up-to-date: /home/ubuntu/arm_ws/install/shabi_ws/share/shabi_ws/config/pilz_cartesian_limits.yaml
-- Up-to-date: /home/ubuntu/arm_ws/install/shabi_ws/share/shabi_ws/config/joint_limits.yaml
-- Up-to-date: /home/ubuntu/arm_ws/install/shabi_ws/share/shabi_ws/config/shabi.srdf
-- Installing: /home/ubuntu/arm_ws/install/shabi_ws/share/shabi_ws/config/shabi.ros2_control.xacro
-- Up-to-date: /home/ubuntu/arm_ws/install/shabi_ws/share/shabi_ws/config/kinematics.yaml
-- Up-to-date: /home/ubuntu/arm_ws/install/shabi_ws/share/shabi_ws/config/shabi.urdf.xacro
-- Up-to-date: /home/ubuntu/arm_ws/install/shabi_ws/share/shabi_ws/urdf
-- Up-to-date: /home/ubuntu/arm_ws/install/shabi_ws/share/shabi_ws/urdf/shabi.urdf
-- Up-to-date: /home/ubuntu/arm_ws/install/shabi_ws/share/shabi_ws/urdf/shabi.csv
-- Up-to-date: /home/ubuntu/arm_ws/install/shabi_ws/share/shabi_ws/.setup_assistant
-- Up-to-date: /home/ubuntu/arm_ws/install/shabi_ws/share/ament_index/resource_index/package_run_dependencies/shabi_ws
-- Up-to-date: /home/ubuntu/arm_ws/install/shabi_ws/share/ament_index/resource_index/parent_prefix_path/shabi_ws
-- Up-to-date: /home/ubuntu/arm_ws/install/shabi_ws/share/shabi_ws/environment/ament_prefix_path.sh
-- Up-to-date: /home/ubuntu/arm_ws/install/shabi_ws/share/shabi_ws/environment/ament_prefix_path.dsv
-- Up-to-date: /home/ubuntu/arm_ws/install/shabi_ws/share/shabi_ws/environment/path.sh
-- Up-to-date: /home/ubuntu/arm_ws/install/shabi_ws/share/shabi_ws/environment/path.dsv
-- Up-to-date: /home/ubuntu/arm_ws/install/shabi_ws/share/shabi_ws/local_setup.bash
-- Up-to-date: /home/ubuntu/arm_ws/install/shabi_ws/share/shabi_ws/local_setup.sh
-- Up-to-date: /home/ubuntu/arm_ws/install/shabi_ws/share/shabi_ws/local_setup.zsh
-- Up-to-date: /home/ubuntu/arm_ws/install/shabi_ws/share/shabi_ws/local_setup.dsv
-- Installing: /home/ubuntu/arm_ws/install/shabi_ws/share/shabi_ws/package.dsv
-- Up-to-date: /home/ubuntu/arm_ws/install/shabi_ws/share/ament_index/resource_index/packages/shabi_ws
-- Up-to-date: /home/ubuntu/arm_ws/install/shabi_ws/share/shabi_ws/cmake/shabi_wsConfig.cmake
-- Up-to-date: /home/ubuntu/arm_ws/install/shabi_ws/share/shabi_ws/cmake/shabi_wsConfig-version.cmake
-- Up-to-date: /home/ubuntu/arm_ws/install/shabi_ws/share/shabi_ws/package.xml
