-- Install configuration: ""
-- Up-to-date: /home/ubuntu/arm_ws/install/shabi/share/shabi/urdf
-- Up-to-date: /home/ubuntu/arm_ws/install/shabi/share/shabi/urdf/shabi.urdf
-- Up-to-date: /home/ubuntu/arm_ws/install/shabi/share/shabi/urdf/shabi.csv
-- Up-to-date: /home/ubuntu/arm_ws/install/shabi/share/shabi/launch
-- Up-to-date: /home/ubuntu/arm_ws/install/shabi/share/shabi/launch/gazebo.launch
-- Up-to-date: /home/ubuntu/arm_ws/install/shabi/share/shabi/launch/display.launch
-- Up-to-date: /home/ubuntu/arm_ws/install/shabi/share/shabi/meshes
-- Up-to-date: /home/ubuntu/arm_ws/install/shabi/share/shabi/meshes/base_link.STL
-- Up-to-date: /home/ubuntu/arm_ws/install/shabi/share/shabi/meshes/link1.STL
-- Up-to-date: /home/ubuntu/arm_ws/install/shabi/share/shabi/meshes/link2.STL
-- Up-to-date: /home/ubuntu/arm_ws/install/shabi/share/shabi/meshes/link3.STL
-- Up-to-date: /home/ubuntu/arm_ws/install/shabi/share/shabi/meshes/link6.STL
-- Up-to-date: /home/ubuntu/arm_ws/install/shabi/share/shabi/meshes/link4.STL
-- Up-to-date: /home/ubuntu/arm_ws/install/shabi/share/shabi/meshes/link5.STL
-- Up-to-date: /home/ubuntu/arm_ws/install/shabi/share/shabi/config
-- Up-to-date: /home/ubuntu/arm_ws/install/shabi/share/shabi/config/joint_names_shabi.yaml
-- Up-to-date: /home/ubuntu/arm_ws/install/shabi/share/ament_index/resource_index/package_run_dependencies/shabi
-- Up-to-date: /home/ubuntu/arm_ws/install/shabi/share/ament_index/resource_index/parent_prefix_path/shabi
-- Up-to-date: /home/ubuntu/arm_ws/install/shabi/share/shabi/environment/ament_prefix_path.sh
-- Up-to-date: /home/ubuntu/arm_ws/install/shabi/share/shabi/environment/ament_prefix_path.dsv
-- Up-to-date: /home/ubuntu/arm_ws/install/shabi/share/shabi/environment/path.sh
-- Up-to-date: /home/ubuntu/arm_ws/install/shabi/share/shabi/environment/path.dsv
-- Up-to-date: /home/ubuntu/arm_ws/install/shabi/share/shabi/local_setup.bash
-- Up-to-date: /home/ubuntu/arm_ws/install/shabi/share/shabi/local_setup.sh
-- Up-to-date: /home/ubuntu/arm_ws/install/shabi/share/shabi/local_setup.zsh
-- Up-to-date: /home/ubuntu/arm_ws/install/shabi/share/shabi/local_setup.dsv
-- Up-to-date: /home/ubuntu/arm_ws/install/shabi/share/shabi/package.dsv
-- Up-to-date: /home/ubuntu/arm_ws/install/shabi/share/ament_index/resource_index/packages/shabi
-- Up-to-date: /home/ubuntu/arm_ws/install/shabi/share/shabi/cmake/shabiConfig.cmake
-- Up-to-date: /home/ubuntu/arm_ws/install/shabi/share/shabi/cmake/shabiConfig-version.cmake
-- Up-to-date: /home/ubuntu/arm_ws/install/shabi/share/shabi/package.xml
