[0.143s] DEBUG:colcon:Command line arguments: ['/usr/bin/colcon', 'build']
[0.143s] DEBUG:colcon:Parsed command line arguments: Namespace(log_base=None, log_level=None, verb_name='build', build_base='build', install_base='install', merge_install=False, symlink_install=False, test_result_base=None, continue_on_error=False, executor='parallel', parallel_workers=16, event_handlers=None, ignore_user_meta=False, metas=['./colcon.meta'], base_paths=['.'], packages_ignore=None, packages_ignore_regex=None, paths=None, packages_up_to=None, packages_up_to_regex=None, packages_above=None, packages_above_and_dependencies=None, packages_above_depth=None, packages_select_by_dep=None, packages_skip_by_dep=None, packages_skip_up_to=None, packages_select_build_failed=False, packages_skip_build_finished=False, packages_select_test_failures=False, packages_skip_test_passed=False, packages_select=None, packages_skip=None, packages_select_regex=None, packages_skip_regex=None, packages_start=None, packages_end=None, allow_overriding=[], cmake_args=None, cmake_target=None, cmake_target_skip_unavailable=False, cmake_clean_cache=False, cmake_clean_first=False, cmake_force_configure=False, ament_cmake_args=None, catkin_cmake_args=None, catkin_skip_building_tests=False, mixin_files=None, mixin=None, verb_parser=<colcon_mixin.mixin.mixin_argument.MixinArgumentDecorator object at 0x788535488a60>, verb_extension=<colcon_core.verb.build.BuildVerb object at 0x7885354885b0>, main=<bound method BuildVerb.main of <colcon_core.verb.build.BuildVerb object at 0x7885354885b0>>, mixin_verb=('build',))
[0.296s] Level 1:colcon.colcon_core.package_discovery:discover_packages(colcon_meta) check parameters
[0.297s] Level 1:colcon.colcon_core.package_discovery:discover_packages(recursive) check parameters
[0.297s] Level 1:colcon.colcon_core.package_discovery:discover_packages(ignore) check parameters
[0.297s] Level 1:colcon.colcon_core.package_discovery:discover_packages(path) check parameters
[0.297s] Level 1:colcon.colcon_core.package_discovery:discover_packages(colcon_meta) discover
[0.297s] Level 1:colcon.colcon_core.package_discovery:discover_packages(recursive) discover
[0.297s] INFO:colcon.colcon_core.package_discovery:Crawling recursively for packages in '/home/ubuntu/arm_ws'
[0.297s] Level 1:colcon.colcon_core.package_identification:_identify(.) by extensions ['ignore', 'ignore_ament_install']
[0.297s] Level 1:colcon.colcon_core.package_identification:_identify(.) by extension 'ignore'
[0.297s] Level 1:colcon.colcon_core.package_identification:_identify(.) by extension 'ignore_ament_install'
[0.297s] Level 1:colcon.colcon_core.package_identification:_identify(.) by extensions ['colcon_pkg']
[0.297s] Level 1:colcon.colcon_core.package_identification:_identify(.) by extension 'colcon_pkg'
[0.297s] Level 1:colcon.colcon_core.package_identification:_identify(.) by extensions ['colcon_meta']
[0.297s] Level 1:colcon.colcon_core.package_identification:_identify(.) by extension 'colcon_meta'
[0.297s] Level 1:colcon.colcon_core.package_identification:_identify(.) by extensions ['ros']
[0.297s] Level 1:colcon.colcon_core.package_identification:_identify(.) by extension 'ros'
[0.312s] Level 1:colcon.colcon_core.package_identification:_identify(.) by extensions ['cmake', 'python']
[0.312s] Level 1:colcon.colcon_core.package_identification:_identify(.) by extension 'cmake'
[0.312s] Level 1:colcon.colcon_core.package_identification:_identify(.) by extension 'python'
[0.312s] Level 1:colcon.colcon_core.package_identification:_identify(.) by extensions ['python_setup_py']
[0.312s] Level 1:colcon.colcon_core.package_identification:_identify(.) by extension 'python_setup_py'
[0.312s] Level 1:colcon.colcon_core.package_identification:_identify(build) by extensions ['ignore', 'ignore_ament_install']
[0.312s] Level 1:colcon.colcon_core.package_identification:_identify(build) by extension 'ignore'
[0.312s] Level 1:colcon.colcon_core.package_identification:_identify(build) ignored
[0.313s] Level 1:colcon.colcon_core.package_identification:_identify(install) by extensions ['ignore', 'ignore_ament_install']
[0.313s] Level 1:colcon.colcon_core.package_identification:_identify(install) by extension 'ignore'
[0.313s] Level 1:colcon.colcon_core.package_identification:_identify(install) ignored
[0.313s] Level 1:colcon.colcon_core.package_identification:_identify(log) by extensions ['ignore', 'ignore_ament_install']
[0.313s] Level 1:colcon.colcon_core.package_identification:_identify(log) by extension 'ignore'
[0.313s] Level 1:colcon.colcon_core.package_identification:_identify(log) ignored
[0.313s] Level 1:colcon.colcon_core.package_identification:_identify(src) by extensions ['ignore', 'ignore_ament_install']
[0.313s] Level 1:colcon.colcon_core.package_identification:_identify(src) by extension 'ignore'
[0.313s] Level 1:colcon.colcon_core.package_identification:_identify(src) by extension 'ignore_ament_install'
[0.313s] Level 1:colcon.colcon_core.package_identification:_identify(src) by extensions ['colcon_pkg']
[0.313s] Level 1:colcon.colcon_core.package_identification:_identify(src) by extension 'colcon_pkg'
[0.313s] Level 1:colcon.colcon_core.package_identification:_identify(src) by extensions ['colcon_meta']
[0.313s] Level 1:colcon.colcon_core.package_identification:_identify(src) by extension 'colcon_meta'
[0.313s] Level 1:colcon.colcon_core.package_identification:_identify(src) by extensions ['ros']
[0.313s] Level 1:colcon.colcon_core.package_identification:_identify(src) by extension 'ros'
[0.313s] Level 1:colcon.colcon_core.package_identification:_identify(src) by extensions ['cmake', 'python']
[0.314s] Level 1:colcon.colcon_core.package_identification:_identify(src) by extension 'cmake'
[0.314s] Level 1:colcon.colcon_core.package_identification:_identify(src) by extension 'python'
[0.314s] Level 1:colcon.colcon_core.package_identification:_identify(src) by extensions ['python_setup_py']
[0.314s] Level 1:colcon.colcon_core.package_identification:_identify(src) by extension 'python_setup_py'
[0.314s] Level 1:colcon.colcon_core.package_identification:_identify(src/shabi) by extensions ['ignore', 'ignore_ament_install']
[0.314s] Level 1:colcon.colcon_core.package_identification:_identify(src/shabi) by extension 'ignore'
[0.314s] Level 1:colcon.colcon_core.package_identification:_identify(src/shabi) by extension 'ignore_ament_install'
[0.314s] Level 1:colcon.colcon_core.package_identification:_identify(src/shabi) by extensions ['colcon_pkg']
[0.314s] Level 1:colcon.colcon_core.package_identification:_identify(src/shabi) by extension 'colcon_pkg'
[0.314s] Level 1:colcon.colcon_core.package_identification:_identify(src/shabi) by extensions ['colcon_meta']
[0.314s] Level 1:colcon.colcon_core.package_identification:_identify(src/shabi) by extension 'colcon_meta'
[0.314s] Level 1:colcon.colcon_core.package_identification:_identify(src/shabi) by extensions ['ros']
[0.314s] Level 1:colcon.colcon_core.package_identification:_identify(src/shabi) by extension 'ros'
[0.345s] DEBUG:colcon.colcon_core.package_identification:Package 'src/shabi' with type 'ros.ament_cmake' and name 'shabi'
[0.346s] Level 1:colcon.colcon_core.package_identification:_identify(src/shabi_ws) by extensions ['ignore', 'ignore_ament_install']
[0.346s] Level 1:colcon.colcon_core.package_identification:_identify(src/shabi_ws) by extension 'ignore'
[0.346s] Level 1:colcon.colcon_core.package_identification:_identify(src/shabi_ws) by extension 'ignore_ament_install'
[0.346s] Level 1:colcon.colcon_core.package_identification:_identify(src/shabi_ws) by extensions ['colcon_pkg']
[0.346s] Level 1:colcon.colcon_core.package_identification:_identify(src/shabi_ws) by extension 'colcon_pkg'
[0.346s] Level 1:colcon.colcon_core.package_identification:_identify(src/shabi_ws) by extensions ['colcon_meta']
[0.346s] Level 1:colcon.colcon_core.package_identification:_identify(src/shabi_ws) by extension 'colcon_meta'
[0.346s] Level 1:colcon.colcon_core.package_identification:_identify(src/shabi_ws) by extensions ['ros']
[0.346s] Level 1:colcon.colcon_core.package_identification:_identify(src/shabi_ws) by extension 'ros'
[0.367s] DEBUG:colcon.colcon_core.package_identification:Package 'src/shabi_ws' with type 'ros.ament_cmake' and name 'shabi_ws'
[0.367s] Level 1:colcon.colcon_core.package_discovery:discover_packages(recursive) using defaults
[0.367s] Level 1:colcon.colcon_core.package_discovery:discover_packages(ignore) discover
[0.367s] Level 1:colcon.colcon_core.package_discovery:discover_packages(ignore) using defaults
[0.367s] Level 1:colcon.colcon_core.package_discovery:discover_packages(path) discover
[0.367s] Level 1:colcon.colcon_core.package_discovery:discover_packages(path) using defaults
[0.388s] Level 1:colcon.colcon_core.package_discovery:discover_packages(prefix_path) check parameters
[0.388s] Level 1:colcon.colcon_core.package_discovery:discover_packages(prefix_path) discover
[0.392s] DEBUG:colcon.colcon_installed_package_information.package_discovery:Found 482 installed packages in /opt/ros/humble
[0.394s] Level 1:colcon.colcon_core.package_discovery:discover_packages(prefix_path) using defaults
[0.462s] Level 5:colcon.colcon_core.verb:set package 'shabi' build argument 'cmake_args' from command line to 'None'
[0.462s] Level 5:colcon.colcon_core.verb:set package 'shabi' build argument 'cmake_target' from command line to 'None'
[0.462s] Level 5:colcon.colcon_core.verb:set package 'shabi' build argument 'cmake_target_skip_unavailable' from command line to 'False'
[0.462s] Level 5:colcon.colcon_core.verb:set package 'shabi' build argument 'cmake_clean_cache' from command line to 'False'
[0.462s] Level 5:colcon.colcon_core.verb:set package 'shabi' build argument 'cmake_clean_first' from command line to 'False'
[0.462s] Level 5:colcon.colcon_core.verb:set package 'shabi' build argument 'cmake_force_configure' from command line to 'False'
[0.462s] Level 5:colcon.colcon_core.verb:set package 'shabi' build argument 'ament_cmake_args' from command line to 'None'
[0.462s] Level 5:colcon.colcon_core.verb:set package 'shabi' build argument 'catkin_cmake_args' from command line to 'None'
[0.462s] Level 5:colcon.colcon_core.verb:set package 'shabi' build argument 'catkin_skip_building_tests' from command line to 'False'
[0.462s] DEBUG:colcon.colcon_core.verb:Building package 'shabi' with the following arguments: {'ament_cmake_args': None, 'build_base': '/home/ubuntu/arm_ws/build/shabi', 'catkin_cmake_args': None, 'catkin_skip_building_tests': False, 'cmake_args': None, 'cmake_clean_cache': False, 'cmake_clean_first': False, 'cmake_force_configure': False, 'cmake_target': None, 'cmake_target_skip_unavailable': False, 'install_base': '/home/ubuntu/arm_ws/install/shabi', 'merge_install': False, 'path': '/home/ubuntu/arm_ws/src/shabi', 'symlink_install': False, 'test_result_base': None}
[0.462s] Level 5:colcon.colcon_core.verb:set package 'shabi_ws' build argument 'cmake_args' from command line to 'None'
[0.462s] Level 5:colcon.colcon_core.verb:set package 'shabi_ws' build argument 'cmake_target' from command line to 'None'
[0.462s] Level 5:colcon.colcon_core.verb:set package 'shabi_ws' build argument 'cmake_target_skip_unavailable' from command line to 'False'
[0.462s] Level 5:colcon.colcon_core.verb:set package 'shabi_ws' build argument 'cmake_clean_cache' from command line to 'False'
[0.462s] Level 5:colcon.colcon_core.verb:set package 'shabi_ws' build argument 'cmake_clean_first' from command line to 'False'
[0.462s] Level 5:colcon.colcon_core.verb:set package 'shabi_ws' build argument 'cmake_force_configure' from command line to 'False'
[0.462s] Level 5:colcon.colcon_core.verb:set package 'shabi_ws' build argument 'ament_cmake_args' from command line to 'None'
[0.462s] Level 5:colcon.colcon_core.verb:set package 'shabi_ws' build argument 'catkin_cmake_args' from command line to 'None'
[0.462s] Level 5:colcon.colcon_core.verb:set package 'shabi_ws' build argument 'catkin_skip_building_tests' from command line to 'False'
[0.462s] DEBUG:colcon.colcon_core.verb:Building package 'shabi_ws' with the following arguments: {'ament_cmake_args': None, 'build_base': '/home/ubuntu/arm_ws/build/shabi_ws', 'catkin_cmake_args': None, 'catkin_skip_building_tests': False, 'cmake_args': None, 'cmake_clean_cache': False, 'cmake_clean_first': False, 'cmake_force_configure': False, 'cmake_target': None, 'cmake_target_skip_unavailable': False, 'install_base': '/home/ubuntu/arm_ws/install/shabi_ws', 'merge_install': False, 'path': '/home/ubuntu/arm_ws/src/shabi_ws', 'symlink_install': False, 'test_result_base': None}
[0.463s] INFO:colcon.colcon_core.executor:Executing jobs using 'parallel' executor
[0.464s] DEBUG:colcon.colcon_parallel_executor.executor.parallel:run_until_complete
[0.464s] INFO:colcon.colcon_ros.task.ament_cmake.build:Building ROS package in '/home/ubuntu/arm_ws/src/shabi' with build type 'ament_cmake'
[0.465s] INFO:colcon.colcon_cmake.task.cmake.build:Building CMake package in '/home/ubuntu/arm_ws/src/shabi'
[0.466s] INFO:colcon.colcon_core.plugin_system:Skipping extension 'colcon_core.shell.bat': Not used on non-Windows systems
[0.467s] INFO:colcon.colcon_core.shell:Skip shell extension 'powershell' for command environment: Not usable outside of PowerShell
[0.467s] DEBUG:colcon.colcon_core.shell:Skip shell extension 'dsv' for command environment
[0.543s] DEBUG:colcon.colcon_core.event_handler.log_command:Invoking command in '/home/ubuntu/arm_ws/build/shabi': CMAKE_PREFIX_PATH=/opt/ros/humble /usr/bin/cmake --build /home/ubuntu/arm_ws/build/shabi -- -j16 -l16
[0.640s] DEBUG:colcon.colcon_core.event_handler.log_command:Invoked command in '/home/ubuntu/arm_ws/build/shabi' returned '0': CMAKE_PREFIX_PATH=/opt/ros/humble /usr/bin/cmake --build /home/ubuntu/arm_ws/build/shabi -- -j16 -l16
[0.686s] DEBUG:colcon.colcon_core.event_handler.log_command:Invoking command in '/home/ubuntu/arm_ws/build/shabi': CMAKE_PREFIX_PATH=/opt/ros/humble /usr/bin/cmake --install /home/ubuntu/arm_ws/build/shabi
[0.766s] Level 1:colcon.colcon_core.environment:create_environment_scripts_only(shabi)
[0.767s] DEBUG:colcon.colcon_core.event_handler.log_command:Invoked command in '/home/ubuntu/arm_ws/build/shabi' returned '0': CMAKE_PREFIX_PATH=/opt/ros/humble /usr/bin/cmake --install /home/ubuntu/arm_ws/build/shabi
[0.769s] Level 1:colcon.colcon_core.environment:checking '/home/ubuntu/arm_ws/install/shabi' for CMake module files
[0.770s] Level 1:colcon.colcon_core.environment:checking '/home/ubuntu/arm_ws/install/shabi' for CMake config files
[0.781s] Level 1:colcon.colcon_core.shell:create_environment_hook('shabi', 'cmake_prefix_path')
[0.782s] INFO:colcon.colcon_core.shell:Creating environment hook '/home/ubuntu/arm_ws/install/shabi/share/shabi/hook/cmake_prefix_path.ps1'
[0.793s] INFO:colcon.colcon_core.shell:Creating environment descriptor '/home/ubuntu/arm_ws/install/shabi/share/shabi/hook/cmake_prefix_path.dsv'
[0.793s] INFO:colcon.colcon_core.shell:Creating environment hook '/home/ubuntu/arm_ws/install/shabi/share/shabi/hook/cmake_prefix_path.sh'
[0.794s] Level 1:colcon.colcon_core.environment:checking '/home/ubuntu/arm_ws/install/shabi/bin'
[0.794s] Level 1:colcon.colcon_core.environment:checking '/home/ubuntu/arm_ws/install/shabi/lib/pkgconfig/shabi.pc'
[0.795s] Level 1:colcon.colcon_core.environment:checking '/home/ubuntu/arm_ws/install/shabi/lib/python3.10/site-packages'
[0.795s] Level 1:colcon.colcon_core.environment:checking '/home/ubuntu/arm_ws/install/shabi/bin'
[0.795s] INFO:colcon.colcon_core.shell:Creating package script '/home/ubuntu/arm_ws/install/shabi/share/shabi/package.ps1'
[0.796s] INFO:colcon.colcon_core.shell:Creating package descriptor '/home/ubuntu/arm_ws/install/shabi/share/shabi/package.dsv'
[0.796s] INFO:colcon.colcon_core.shell:Creating package script '/home/ubuntu/arm_ws/install/shabi/share/shabi/package.sh'
[0.797s] INFO:colcon.colcon_core.shell:Creating package script '/home/ubuntu/arm_ws/install/shabi/share/shabi/package.bash'
[0.798s] INFO:colcon.colcon_core.shell:Creating package script '/home/ubuntu/arm_ws/install/shabi/share/shabi/package.zsh'
[0.805s] Level 1:colcon.colcon_core.environment:create_file_with_runtime_dependencies(/home/ubuntu/arm_ws/install/shabi/share/colcon-core/packages/shabi)
[0.806s] Level 1:colcon.colcon_core.environment:create_environment_scripts_only(shabi)
[0.807s] Level 1:colcon.colcon_core.environment:checking '/home/ubuntu/arm_ws/install/shabi' for CMake module files
[0.807s] Level 1:colcon.colcon_core.environment:checking '/home/ubuntu/arm_ws/install/shabi' for CMake config files
[0.807s] Level 1:colcon.colcon_core.shell:create_environment_hook('shabi', 'cmake_prefix_path')
[0.807s] INFO:colcon.colcon_core.shell:Creating environment hook '/home/ubuntu/arm_ws/install/shabi/share/shabi/hook/cmake_prefix_path.ps1'
[0.808s] INFO:colcon.colcon_core.shell:Creating environment descriptor '/home/ubuntu/arm_ws/install/shabi/share/shabi/hook/cmake_prefix_path.dsv'
[0.808s] INFO:colcon.colcon_core.shell:Creating environment hook '/home/ubuntu/arm_ws/install/shabi/share/shabi/hook/cmake_prefix_path.sh'
[0.809s] Level 1:colcon.colcon_core.environment:checking '/home/ubuntu/arm_ws/install/shabi/bin'
[0.809s] Level 1:colcon.colcon_core.environment:checking '/home/ubuntu/arm_ws/install/shabi/lib/pkgconfig/shabi.pc'
[0.809s] Level 1:colcon.colcon_core.environment:checking '/home/ubuntu/arm_ws/install/shabi/lib/python3.10/site-packages'
[0.809s] Level 1:colcon.colcon_core.environment:checking '/home/ubuntu/arm_ws/install/shabi/bin'
[0.810s] INFO:colcon.colcon_core.shell:Creating package script '/home/ubuntu/arm_ws/install/shabi/share/shabi/package.ps1'
[0.810s] INFO:colcon.colcon_core.shell:Creating package descriptor '/home/ubuntu/arm_ws/install/shabi/share/shabi/package.dsv'
[0.810s] INFO:colcon.colcon_core.shell:Creating package script '/home/ubuntu/arm_ws/install/shabi/share/shabi/package.sh'
[0.811s] INFO:colcon.colcon_core.shell:Creating package script '/home/ubuntu/arm_ws/install/shabi/share/shabi/package.bash'
[0.819s] INFO:colcon.colcon_core.shell:Creating package script '/home/ubuntu/arm_ws/install/shabi/share/shabi/package.zsh'
[0.820s] Level 1:colcon.colcon_core.environment:create_file_with_runtime_dependencies(/home/ubuntu/arm_ws/install/shabi/share/colcon-core/packages/shabi)
[0.821s] INFO:colcon.colcon_ros.task.ament_cmake.build:Building ROS package in '/home/ubuntu/arm_ws/src/shabi_ws' with build type 'ament_cmake'
[0.821s] INFO:colcon.colcon_cmake.task.cmake.build:Building CMake package in '/home/ubuntu/arm_ws/src/shabi_ws'
[0.821s] INFO:colcon.colcon_core.shell:Skip shell extension 'powershell' for command environment: Not usable outside of PowerShell
[0.821s] DEBUG:colcon.colcon_core.shell:Skip shell extension 'dsv' for command environment
[0.916s] DEBUG:colcon.colcon_core.event_handler.log_command:Invoking command in '/home/ubuntu/arm_ws/build/shabi_ws': AMENT_PREFIX_PATH=/home/ubuntu/arm_ws/install/shabi:${AMENT_PREFIX_PATH} CMAKE_PREFIX_PATH=/home/ubuntu/arm_ws/install/shabi:/opt/ros/humble /usr/bin/cmake --build /home/ubuntu/arm_ws/build/shabi_ws -- -j16 -l16
[1.033s] DEBUG:colcon.colcon_core.event_handler.log_command:Invoked command in '/home/ubuntu/arm_ws/build/shabi_ws' returned '0': AMENT_PREFIX_PATH=/home/ubuntu/arm_ws/install/shabi:${AMENT_PREFIX_PATH} CMAKE_PREFIX_PATH=/home/ubuntu/arm_ws/install/shabi:/opt/ros/humble /usr/bin/cmake --build /home/ubuntu/arm_ws/build/shabi_ws -- -j16 -l16
[1.047s] DEBUG:colcon.colcon_core.event_handler.log_command:Invoking command in '/home/ubuntu/arm_ws/build/shabi_ws': AMENT_PREFIX_PATH=/home/ubuntu/arm_ws/install/shabi:${AMENT_PREFIX_PATH} CMAKE_PREFIX_PATH=/home/ubuntu/arm_ws/install/shabi:/opt/ros/humble /usr/bin/cmake --install /home/ubuntu/arm_ws/build/shabi_ws
[1.199s] Level 1:colcon.colcon_core.environment:create_environment_scripts_only(shabi_ws)
[1.199s] Level 1:colcon.colcon_core.environment:checking '/home/ubuntu/arm_ws/install/shabi_ws' for CMake module files
[1.200s] DEBUG:colcon.colcon_core.event_handler.log_command:Invoked command in '/home/ubuntu/arm_ws/build/shabi_ws' returned '0': AMENT_PREFIX_PATH=/home/ubuntu/arm_ws/install/shabi:${AMENT_PREFIX_PATH} CMAKE_PREFIX_PATH=/home/ubuntu/arm_ws/install/shabi:/opt/ros/humble /usr/bin/cmake --install /home/ubuntu/arm_ws/build/shabi_ws
[1.200s] Level 1:colcon.colcon_core.environment:checking '/home/ubuntu/arm_ws/install/shabi_ws' for CMake config files
[1.208s] Level 1:colcon.colcon_core.shell:create_environment_hook('shabi_ws', 'cmake_prefix_path')
[1.208s] INFO:colcon.colcon_core.shell:Creating environment hook '/home/ubuntu/arm_ws/install/shabi_ws/share/shabi_ws/hook/cmake_prefix_path.ps1'
[1.220s] INFO:colcon.colcon_core.shell:Creating environment descriptor '/home/ubuntu/arm_ws/install/shabi_ws/share/shabi_ws/hook/cmake_prefix_path.dsv'
[1.221s] INFO:colcon.colcon_core.shell:Creating environment hook '/home/ubuntu/arm_ws/install/shabi_ws/share/shabi_ws/hook/cmake_prefix_path.sh'
[1.222s] Level 1:colcon.colcon_core.environment:checking '/home/ubuntu/arm_ws/install/shabi_ws/bin'
[1.222s] Level 1:colcon.colcon_core.environment:checking '/home/ubuntu/arm_ws/install/shabi_ws/lib/pkgconfig/shabi_ws.pc'
[1.222s] Level 1:colcon.colcon_core.environment:checking '/home/ubuntu/arm_ws/install/shabi_ws/lib/python3.10/site-packages'
[1.223s] Level 1:colcon.colcon_core.environment:checking '/home/ubuntu/arm_ws/install/shabi_ws/bin'
[1.223s] INFO:colcon.colcon_core.shell:Creating package script '/home/ubuntu/arm_ws/install/shabi_ws/share/shabi_ws/package.ps1'
[1.223s] INFO:colcon.colcon_core.shell:Creating package descriptor '/home/ubuntu/arm_ws/install/shabi_ws/share/shabi_ws/package.dsv'
[1.224s] INFO:colcon.colcon_core.shell:Creating package script '/home/ubuntu/arm_ws/install/shabi_ws/share/shabi_ws/package.sh'
[1.224s] INFO:colcon.colcon_core.shell:Creating package script '/home/ubuntu/arm_ws/install/shabi_ws/share/shabi_ws/package.bash'
[1.224s] INFO:colcon.colcon_core.shell:Creating package script '/home/ubuntu/arm_ws/install/shabi_ws/share/shabi_ws/package.zsh'
[1.233s] Level 1:colcon.colcon_core.environment:create_file_with_runtime_dependencies(/home/ubuntu/arm_ws/install/shabi_ws/share/colcon-core/packages/shabi_ws)
[1.234s] Level 1:colcon.colcon_core.environment:create_environment_scripts_only(shabi_ws)
[1.234s] Level 1:colcon.colcon_core.environment:checking '/home/ubuntu/arm_ws/install/shabi_ws' for CMake module files
[1.235s] Level 1:colcon.colcon_core.environment:checking '/home/ubuntu/arm_ws/install/shabi_ws' for CMake config files
[1.235s] Level 1:colcon.colcon_core.shell:create_environment_hook('shabi_ws', 'cmake_prefix_path')
[1.235s] INFO:colcon.colcon_core.shell:Creating environment hook '/home/ubuntu/arm_ws/install/shabi_ws/share/shabi_ws/hook/cmake_prefix_path.ps1'
[1.236s] INFO:colcon.colcon_core.shell:Creating environment descriptor '/home/ubuntu/arm_ws/install/shabi_ws/share/shabi_ws/hook/cmake_prefix_path.dsv'
[1.236s] INFO:colcon.colcon_core.shell:Creating environment hook '/home/ubuntu/arm_ws/install/shabi_ws/share/shabi_ws/hook/cmake_prefix_path.sh'
[1.237s] Level 1:colcon.colcon_core.environment:checking '/home/ubuntu/arm_ws/install/shabi_ws/bin'
[1.237s] Level 1:colcon.colcon_core.environment:checking '/home/ubuntu/arm_ws/install/shabi_ws/lib/pkgconfig/shabi_ws.pc'
[1.237s] Level 1:colcon.colcon_core.environment:checking '/home/ubuntu/arm_ws/install/shabi_ws/lib/python3.10/site-packages'
[1.237s] Level 1:colcon.colcon_core.environment:checking '/home/ubuntu/arm_ws/install/shabi_ws/bin'
[1.237s] INFO:colcon.colcon_core.shell:Creating package script '/home/ubuntu/arm_ws/install/shabi_ws/share/shabi_ws/package.ps1'
[1.238s] INFO:colcon.colcon_core.shell:Creating package descriptor '/home/ubuntu/arm_ws/install/shabi_ws/share/shabi_ws/package.dsv'
[1.238s] INFO:colcon.colcon_core.shell:Creating package script '/home/ubuntu/arm_ws/install/shabi_ws/share/shabi_ws/package.sh'
[1.239s] INFO:colcon.colcon_core.shell:Creating package script '/home/ubuntu/arm_ws/install/shabi_ws/share/shabi_ws/package.bash'
[1.248s] INFO:colcon.colcon_core.shell:Creating package script '/home/ubuntu/arm_ws/install/shabi_ws/share/shabi_ws/package.zsh'
[1.248s] Level 1:colcon.colcon_core.environment:create_file_with_runtime_dependencies(/home/ubuntu/arm_ws/install/shabi_ws/share/colcon-core/packages/shabi_ws)
[1.249s] DEBUG:colcon.colcon_parallel_executor.executor.parallel:closing loop
[1.249s] DEBUG:colcon.colcon_parallel_executor.executor.parallel:loop closed
[1.249s] DEBUG:colcon.colcon_parallel_executor.executor.parallel:run_until_complete finished with '0'
[1.249s] DEBUG:colcon.colcon_core.event_reactor:joining thread
[1.255s] INFO:colcon.colcon_core.plugin_system:Skipping extension 'colcon_notification.desktop_notification.terminal_notifier': Not used on non-Darwin systems
[1.255s] INFO:colcon.colcon_core.plugin_system:Skipping extension 'colcon_notification.desktop_notification.win32': Not used on non-Windows systems
[1.255s] INFO:colcon.colcon_notification.desktop_notification:Sending desktop notification using 'notify2'
[1.269s] DEBUG:colcon.colcon_core.event_reactor:joined thread
[1.269s] INFO:colcon.colcon_core.shell:Creating prefix script '/home/ubuntu/arm_ws/install/local_setup.ps1'
[1.271s] INFO:colcon.colcon_core.shell:Creating prefix util module '/home/ubuntu/arm_ws/install/_local_setup_util_ps1.py'
[1.273s] INFO:colcon.colcon_core.shell:Creating prefix chain script '/home/ubuntu/arm_ws/install/setup.ps1'
[1.274s] INFO:colcon.colcon_core.shell:Creating prefix script '/home/ubuntu/arm_ws/install/local_setup.sh'
[1.274s] INFO:colcon.colcon_core.shell:Creating prefix util module '/home/ubuntu/arm_ws/install/_local_setup_util_sh.py'
[1.275s] INFO:colcon.colcon_core.shell:Creating prefix chain script '/home/ubuntu/arm_ws/install/setup.sh'
[1.276s] INFO:colcon.colcon_core.shell:Creating prefix script '/home/ubuntu/arm_ws/install/local_setup.bash'
[1.283s] INFO:colcon.colcon_core.shell:Creating prefix chain script '/home/ubuntu/arm_ws/install/setup.bash'
[1.284s] INFO:colcon.colcon_core.shell:Creating prefix script '/home/ubuntu/arm_ws/install/local_setup.zsh'
[1.285s] INFO:colcon.colcon_core.shell:Creating prefix chain script '/home/ubuntu/arm_ws/install/setup.zsh'
